\BOOKMARK [1][-]{section*.1}{\376\377\000R\000e\000s\000u\000m\000e\000n\000\040\000e\000j\000e\000c\000u\000t\000i\000v\000o}{}% 1
\BOOKMARK [1][-]{section*.2}{\376\377\000C\000o\000n\000t\000r\000o\000l\000\040\000d\000e\000\040\000v\000e\000r\000s\000i\000\363\000n}{}% 2
\BOOKMARK [1][-]{section*.7}{\376\377\000C\000o\000n\000t\000e\000x\000t\000u\000a\000l\000i\000z\000a\000c\000i\000\363\000n\000\040\000y\000\040\000d\000e\000f\000i\000n\000i\000c\000i\000\363\000n\000\040\000d\000e\000l\000\040\000p\000r\000o\000b\000l\000e\000m\000a}{}% 3
\BOOKMARK [2][-]{subsection*.8}{\376\377\000P\000l\000a\000n\000t\000e\000a\000m\000i\000e\000n\000t\000o\000\040\000d\000e\000l\000\040\000p\000r\000o\000b\000l\000e\000m\000a}{section*.7}% 4
\BOOKMARK [2][-]{subsection*.9}{\376\377\000J\000u\000s\000t\000i\000f\000i\000c\000a\000c\000i\000\363\000n}{section*.7}% 5
\BOOKMARK [2][-]{subsection*.10}{\376\377\000O\000b\000j\000e\000t\000i\000v\000o\000\040\000g\000e\000n\000e\000r\000a\000l}{section*.7}% 6
\BOOKMARK [2][-]{subsection*.11}{\376\377\000O\000b\000j\000e\000t\000i\000v\000o\000s\000\040\000e\000s\000p\000e\000c\000\355\000f\000i\000c\000o\000s}{section*.7}% 7
\BOOKMARK [2][-]{subsection*.15}{\376\377\000A\000l\000c\000a\000n\000c\000e\000\040\000y\000\040\000l\000i\000m\000i\000t\000a\000c\000i\000o\000n\000e\000s}{section*.7}% 8
\BOOKMARK [1][-]{section*.16}{\376\377\000C\000a\000r\000a\000c\000t\000e\000r\000i\000z\000a\000c\000i\000\363\000n\000\040\000d\000e\000l\000\040\000p\000r\000o\000c\000e\000s\000o\000\040\000C\000I\000P}{}% 9
\BOOKMARK [2][-]{subsection*.17}{\376\377\000F\000a\000s\000e\000s\000\040\000d\000e\000l\000\040\000c\000i\000c\000l\000o}{section*.16}% 10
\BOOKMARK [2][-]{subsection*.19}{\376\377\000C\000l\000a\000s\000i\000f\000i\000c\000a\000c\000i\000\363\000n\000\040\000d\000e\000\040\000l\000a\000\040\000i\000n\000f\000o\000r\000m\000a\000c\000i\000\363\000n\000\040\000u\000t\000i\000l\000i\000z\000a\000d\000a}{section*.16}% 11
\BOOKMARK [2][-]{subsection*.21}{\376\377\000S\000e\000c\000u\000e\000n\000c\000i\000a\000\040\000p\000r\000e\000l\000i\000m\000i\000n\000a\000r}{section*.16}% 12
\BOOKMARK [1][-]{section*.23}{\376\377\000I\000n\000g\000e\000n\000i\000e\000r\000\355\000a\000\040\000d\000e\000\040\000r\000e\000q\000u\000i\000s\000i\000t\000o\000s}{}% 13
\BOOKMARK [2][-]{subsection*.24}{\376\377\000M\000a\000t\000r\000i\000z\000\040\000d\000e\000\040\000r\000e\000q\000u\000i\000s\000i\000t\000o\000s}{section*.23}% 14
\BOOKMARK [2][-]{subsection*.28}{\376\377\000D\000e\000s\000p\000l\000i\000e\000g\000u\000e\000\040\000d\000e\000\040\000l\000a\000\040\000f\000u\000n\000c\000i\000\363\000n\000\040\000d\000e\000\040\000c\000a\000l\000i\000d\000a\000d\000\040\040\023\000\040\000Q\000F\000D}{section*.23}% 15
\BOOKMARK [2][-]{subsection*.30}{\376\377\000M\000a\000t\000r\000i\000c\000e\000s\000\040\000d\000e\000\040\000d\000e\000c\000i\000s\000i\000\363\000n\000\040\000P\000u\000g\000h}{section*.23}% 16
\BOOKMARK [1][-]{section*.32}{\376\377\000D\000i\000s\000e\000\361\000o\000\040\000c\000o\000n\000c\000e\000p\000t\000u\000a\000l\000\040\000m\000e\000c\000a\000t\000r\000\363\000n\000i\000c\000o}{}% 17
\BOOKMARK [2][-]{subsection*.33}{\376\377\000D\000e\000s\000c\000r\000i\000p\000c\000i\000\363\000n\000\040\000d\000e\000\040\000l\000a\000\040\000s\000o\000l\000u\000c\000i\000\363\000n\000\040\000p\000r\000o\000p\000u\000e\000s\000t\000a}{section*.32}% 18
\BOOKMARK [2][-]{subsection*.35}{\376\377\000D\000i\000a\000g\000r\000a\000m\000a\000\040\000g\000e\000n\000e\000r\000a\000l\000\040\000d\000e\000\040\000b\000l\000o\000q\000u\000e\000s}{section*.32}% 19
\BOOKMARK [2][-]{subsection*.37}{\376\377\000A\000r\000q\000u\000i\000t\000e\000c\000t\000u\000r\000a\000\040\000f\000u\000n\000c\000i\000o\000n\000a\000l}{section*.32}% 20
\BOOKMARK [2][-]{subsection*.39}{\376\377\000P\000\046\000I\000D\000\040\000c\000o\000n\000c\000e\000p\000t\000u\000a\000l\000\040\000y\000\040\000r\000e\000c\000o\000r\000r\000i\000d\000o\000\040\000d\000e\000l\000\040\000f\000l\000u\000i\000d\000o}{section*.32}% 21
\BOOKMARK [2][-]{subsection*.43}{\376\377\000D\000i\000s\000t\000r\000i\000b\000u\000c\000i\000\363\000n\000\040\000p\000r\000e\000l\000i\000m\000i\000n\000a\000r\000\040\000y\000\040\000d\000i\000s\000e\000\361\000o\000\040\000C\000A\000D}{section*.32}% 22
\BOOKMARK [2][-]{subsection*.45}{\376\377\000E\000q\000u\000i\000p\000o\000\040\000o\000\040\000c\000i\000r\000c\000u\000i\000t\000o\000\040\000d\000e\000\040\000p\000r\000u\000e\000b\000a}{section*.32}% 23
\BOOKMARK [1][-]{section*.46}{\376\377\000D\000i\000s\000e\000\361\000o\000\040\000p\000r\000e\000l\000i\000m\000i\000n\000a\000r\000\040\000d\000e\000\040\000S\000i\000s\000t\000e\000m\000a\000s\000\040\000d\000e\000\040\000C\000o\000n\000t\000r\000o\000l\000\040\000I}{}% 24
\BOOKMARK [2][-]{subsection*.47}{\376\377\000V\000a\000r\000i\000a\000b\000l\000e\000\040\000c\000o\000n\000t\000r\000o\000l\000a\000d\000a\000\040\000\050\000P\000V\000\051}{section*.46}% 25
\BOOKMARK [2][-]{subsection*.48}{\376\377\000V\000a\000r\000i\000a\000b\000l\000e\000\040\000m\000a\000n\000i\000p\000u\000l\000a\000d\000a\000\040\000\050\000M\000V\000\051}{section*.46}% 26
\BOOKMARK [2][-]{subsection*.51}{\376\377\000D\000e\000f\000i\000n\000i\000c\000i\000\363\000n\000\040\000d\000e\000l\000\040\000l\000a\000z\000o\000\040\000d\000e\000\040\000c\000o\000n\000t\000r\000o\000l}{section*.46}% 27
\BOOKMARK [2][-]{subsection*.52}{\376\377\000D\000i\000a\000g\000r\000a\000m\000a\000\040\000d\000e\000\040\000b\000l\000o\000q\000u\000e\000s}{section*.46}% 28
\BOOKMARK [2][-]{subsection*.54}{\376\377\000M\000o\000d\000e\000l\000o\000\040\000d\000i\000n\000\341\000m\000i\000c\000o\000\040\000p\000r\000e\000l\000i\000m\000i\000n\000a\000r}{section*.46}% 29
\BOOKMARK [2][-]{subsection*.61}{\376\377\000S\000i\000m\000u\000l\000a\000c\000i\000\363\000n\000\040\000e\000n\000\040\000l\000a\000z\000o\000\040\000a\000b\000i\000e\000r\000t\000o}{section*.46}% 30
\BOOKMARK [2][-]{subsection*.63}{\376\377\000E\000s\000p\000e\000c\000i\000f\000i\000c\000a\000c\000i\000o\000n\000e\000s\000\040\000p\000r\000e\000l\000i\000m\000i\000n\000a\000r\000e\000s\000\040\000d\000e\000\040\000d\000e\000s\000e\000m\000p\000e\000\361\000o}{section*.46}% 31
\BOOKMARK [1][-]{section*.65}{\376\377\000D\000i\000s\000e\000\361\000o\000\040\000p\000r\000e\000l\000i\000m\000i\000n\000a\000r\000\040\000d\000e\000\040\000C\000o\000m\000u\000n\000i\000c\000a\000c\000i\000o\000n\000e\000s\000\040\000I\000n\000d\000u\000s\000t\000r\000i\000a\000l\000e\000s}{}% 32
\BOOKMARK [2][-]{subsection*.66}{\376\377\000T\000o\000p\000o\000l\000o\000g\000\355\000a\000\040\000y\000\040\000f\000l\000u\000j\000o\000\040\000d\000e\000\040\000i\000n\000f\000o\000r\000m\000a\000c\000i\000\363\000n}{section*.65}% 33
\BOOKMARK [2][-]{subsection*.68}{\376\377\000E\000q\000u\000i\000p\000o\000s\000\040\000y\000\040\000d\000i\000r\000e\000c\000c\000i\000o\000n\000a\000m\000i\000e\000n\000t\000o\000\040\000I\000P}{section*.65}% 34
\BOOKMARK [2][-]{subsection*.70}{\376\377\000S\000e\000l\000e\000c\000c\000i\000\363\000n\000\040\000d\000e\000l\000\040\000p\000r\000o\000t\000o\000c\000o\000l\000o}{section*.65}% 35
\BOOKMARK [2][-]{subsection*.72}{\376\377\000M\000a\000p\000a\000\040\000i\000n\000i\000c\000i\000a\000l\000e\000s\000\040\000d\000e\000\040\000e\000t\000i\000q\000u\000e\000t\000a\000s}{section*.65}% 36
\BOOKMARK [2][-]{subsection*.73}{\376\377\000E\000v\000i\000d\000e\000n\000c\000i\000a\000\040\000m\000\355\000n\000i\000m\000a\000\040\000d\000e\000\040\000c\000o\000m\000u\000n\000i\000c\000a\000c\000i\000\363\000n}{section*.65}% 37
\BOOKMARK [1][-]{section*.75}{\376\377\000P\000l\000a\000n\000\040\000d\000e\000\040\000v\000a\000l\000i\000d\000a\000c\000i\000\363\000n}{}% 38
\BOOKMARK [2][-]{subsection*.76}{\376\377\000M\000\351\000t\000r\000i\000c\000a\000s\000\040\000p\000r\000e\000v\000i\000s\000t\000a\000s}{section*.75}% 39
\BOOKMARK [1][-]{section*.77}{\376\377\000G\000e\000s\000t\000i\000\363\000n\000\040\000d\000e\000l\000\040\000p\000r\000o\000y\000e\000c\000t\000o\000\040\000y\000\040\000e\000n\000t\000r\000e\000g\000a\000b\000l\000e\000s\000\040\000c\000o\000m\000p\000l\000e\000m\000e\000n\000t\000a\000r\000i\000o\000s}{}% 40
\BOOKMARK [2][-]{subsection*.78}{\376\377\000C\000r\000o\000n\000o\000g\000r\000a\000m\000a}{section*.77}% 41
\BOOKMARK [2][-]{subsection*.80}{\376\377\000P\000r\000e\000s\000u\000p\000u\000e\000s\000t\000o\000\040\000p\000r\000e\000l\000i\000m\000i\000n\000a\000r}{section*.77}% 42
\BOOKMARK [2][-]{subsection*.81}{\376\377\000M\000a\000t\000r\000i\000z\000\040\000d\000e\000\040\000r\000i\000e\000s\000g\000o\000s}{section*.77}% 43
\BOOKMARK [2][-]{subsection*.83}{\376\377\000R\000e\000p\000o\000s\000i\000t\000o\000r\000i\000o\000\040\000d\000i\000g\000i\000t\000a\000l}{section*.77}% 44
\BOOKMARK [2][-]{subsection*.84}{\376\377\000L\000i\000s\000t\000a\000\040\000d\000e\000\040\000v\000e\000r\000i\000f\000i\000c\000a\000c\000i\000\363\000n\000\040\000d\000e\000l\000\040\000p\000r\000i\000m\000e\000r\000\040\000c\000o\000r\000t\000e}{section*.77}% 45
\BOOKMARK [1][-]{section*.86}{\376\377\000C\000o\000n\000c\000l\000u\000s\000i\000o\000n\000e\000s\000\040\000d\000e\000l\000\040\000p\000r\000i\000m\000e\000r\000\040\000c\000o\000r\000t\000e}{}% 46
\BOOKMARK [1][-]{section*.90}{\376\377\000T\000r\000a\000b\000a\000j\000o\000\040\000p\000r\000e\000v\000i\000s\000t\000o\000\040\000p\000a\000r\000a\000\040\000e\000l\000\040\000s\000e\000g\000u\000n\000d\000o\000\040\000c\000o\000r\000t\000e}{}% 47
\BOOKMARK [1][-]{section*.91}{\376\377\000D\000e\000c\000l\000a\000r\000a\000c\000i\000\363\000n\000\040\000p\000r\000e\000l\000i\000m\000i\000n\000a\000r\000\040\000d\000e\000\040\000u\000s\000o\000\040\000d\000e\000\040\000i\000n\000t\000e\000l\000i\000g\000e\000n\000c\000i\000a\000\040\000a\000r\000t\000i\000f\000i\000c\000i\000a\000l}{}% 48
\BOOKMARK [1][-]{section*.93}{\376\377\000R\000e\000p\000o\000r\000t\000e\000\040\000d\000e\000\040\000s\000i\000m\000i\000l\000i\000t\000u\000d}{}% 49
\BOOKMARK [1][-]{section*.94}{\376\377\000E\000v\000i\000d\000e\000n\000c\000i\000a\000\040\000d\000e\000l\000\040\000a\000r\000t\000\355\000c\000u\000l\000o\000\040\000e\000n\000\040\000i\000n\000g\000l\000\351\000s}{}% 50
\BOOKMARK [1][-]{section*.95}{\376\377\000A\000n\000e\000x\000o\000s\000\040\000t\000\351\000c\000n\000i\000c\000o\000s}{}% 51
