This is pdfTeX, Version 3.141592653-2.6-1.40.29 (TeX Live 2026) (preloaded format=pdflatex 2026.3.22)  27 AUG 2026 16:34
entering extended mode
 restricted \write18 enabled.
 file:line:error style messages enabled.
 %&-line parsing enabled.
**"/Users/karencita/Documents/PROYECTO PI 2026-2/Proyecto_CIP_2026-2/main"
(/Users/karencita/Documents/PROYECTO PI 2026-2/Proyecto_CIP_2026-2/main.tex
LaTeX2e <2025-11-01>
L3 programming layer <2026-01-19>
(/usr/local/texlive/2026/texmf-dist/tex/latex/base/article.cls
Document Class: article 2025/01/22 v1.4n Standard LaTeX document class
(/usr/local/texlive/2026/texmf-dist/tex/latex/base/size11.clo
File: size11.clo 2025/01/22 v1.4n Standard LaTeX file (size option)
)
\c@part=\count275
\c@section=\count276
\c@subsection=\count277
\c@subsubsection=\count278
\c@paragraph=\count279
\c@subparagraph=\count280
\c@figure=\count281
\c@table=\count282
\abovecaptionskip=\skip49
\belowcaptionskip=\skip50
\bibindent=\dimen148
) (./preambulo/preambulo.tex (/usr/local/texlive/2026/texmf-dist/tex/latex/base/inputenc.sty
Package: inputenc 2024/02/08 v1.3d Input encoding file
\inpenc@prehook=\toks17
\inpenc@posthook=\toks18
) (/usr/local/texlive/2026/texmf-dist/tex/latex/base/fontenc.sty
Package: fontenc 2025/07/18 v2.1d Standard LaTeX package
) (/usr/local/texlive/2026/texmf-dist/tex/generic/babel/babel.sty
Package: babel 2026/03/08 v26.4 The multilingual framework for LuaLaTeX, pdfLaTeX and XeLaTeX
\babel@savecnt=\count283
LaTeX Encoding Info:    Redeclaring text command \ij (encoding OT1) on input line 2078.
LaTeX Encoding Info:    Redeclaring text command \IJ (encoding OT1) on input line 2080.
LaTeX Encoding Info:    Redeclaring text command \ij (encoding T1) on input line 2082.
LaTeX Encoding Info:    Redeclaring text command \IJ (encoding T1) on input line 2083.
LaTeX Encoding Info:    Ignoring declaration for text command \ij (encoding ?) on input line 2084.
LaTeX Encoding Info:    Ignoring declaration for text command \IJ (encoding ?) on input line 2086.
LaTeX Encoding Info:    Ignoring declaration for text command \SS (encoding ?) on input line 2111.
\U@D=\dimen149
\l@unhyphenated=\language91
 (/usr/local/texlive/2026/texmf-dist/tex/generic/babel/txtbabel.def)
\bbl@readstream=\read2
\bbl@dirlevel=\count284
 (/usr/local/texlive/2026/texmf-dist/tex/generic/babel/locale/es/babel-spanish.tex)
Package babel Info: Importing data for spanish
(babel)             from babel-es.ini. Reported on input line 4330.
) (/usr/local/texlive/2026/texmf-dist/tex/latex/geometry/geometry.sty
Package: geometry 2026/03/07 v6.0 Page Geometry
 (/usr/local/texlive/2026/texmf-dist/tex/latex/graphics/keyval.sty
Package: keyval 2022/05/29 v1.15 key=value parser (DPC)
\KV@toks@=\toks19
) (/usr/local/texlive/2026/texmf-dist/tex/generic/iftex/ifvtex.sty
Package: ifvtex 2019/10/25 v1.7 ifvtex legacy package. Use iftex instead.
 (/usr/local/texlive/2026/texmf-dist/tex/generic/iftex/iftex.sty
Package: iftex 2024/12/12 v1.0g TeX engine tests
))
\Gm@cnth=\count285
\Gm@cntv=\count286
\c@Gm@tempcnt=\count287
\Gm@bindingoffset=\dimen150
\Gm@wd@mp=\dimen151
\Gm@odd@mp=\dimen152
\Gm@even@mp=\dimen153
\Gm@layoutwidth=\dimen154
\Gm@layoutheight=\dimen155
\Gm@layouthoffset=\dimen156
\Gm@layoutvoffset=\dimen157
\Gm@dimlist=\toks20
) (/usr/local/texlive/2026/texmf-dist/tex/latex/lm/lmodern.sty
Package: lmodern 2015/05/01 v1.6.1 Latin Modern Fonts
LaTeX Font Info:    Overwriting symbol font `operators' in version `normal'
(Font)                  OT1/cmr/m/n --> OT1/lmr/m/n on input line 22.
LaTeX Font Info:    Overwriting symbol font `letters' in version `normal'
(Font)                  OML/cmm/m/it --> OML/lmm/m/it on input line 23.
LaTeX Font Info:    Overwriting symbol font `symbols' in version `normal'
(Font)                  OMS/cmsy/m/n --> OMS/lmsy/m/n on input line 24.
LaTeX Font Info:    Overwriting symbol font `largesymbols' in version `normal'
(Font)                  OMX/cmex/m/n --> OMX/lmex/m/n on input line 25.
LaTeX Font Info:    Overwriting symbol font `operators' in version `bold'
(Font)                  OT1/cmr/bx/n --> OT1/lmr/bx/n on input line 26.
LaTeX Font Info:    Overwriting symbol font `letters' in version `bold'
(Font)                  OML/cmm/b/it --> OML/lmm/b/it on input line 27.
LaTeX Font Info:    Overwriting symbol font `symbols' in version `bold'
(Font)                  OMS/cmsy/b/n --> OMS/lmsy/b/n on input line 28.
LaTeX Font Info:    Overwriting symbol font `largesymbols' in version `bold'
(Font)                  OMX/cmex/m/n --> OMX/lmex/m/n on input line 29.
LaTeX Font Info:    Overwriting math alphabet `\mathbf' in version `normal'
(Font)                  OT1/cmr/bx/n --> OT1/lmr/bx/n on input line 31.
LaTeX Font Info:    Overwriting math alphabet `\mathsf' in version `normal'
(Font)                  OT1/cmss/m/n --> OT1/lmss/m/n on input line 32.
LaTeX Font Info:    Overwriting math alphabet `\mathit' in version `normal'
(Font)                  OT1/cmr/m/it --> OT1/lmr/m/it on input line 33.
LaTeX Font Info:    Overwriting math alphabet `\mathtt' in version `normal'
(Font)                  OT1/cmtt/m/n --> OT1/lmtt/m/n on input line 34.
LaTeX Font Info:    Overwriting math alphabet `\mathbf' in version `bold'
(Font)                  OT1/cmr/bx/n --> OT1/lmr/bx/n on input line 35.
LaTeX Font Info:    Overwriting math alphabet `\mathsf' in version `bold'
(Font)                  OT1/cmss/bx/n --> OT1/lmss/bx/n on input line 36.
LaTeX Font Info:    Overwriting math alphabet `\mathit' in version `bold'
(Font)                  OT1/cmr/bx/it --> OT1/lmr/bx/it on input line 37.
LaTeX Font Info:    Overwriting math alphabet `\mathtt' in version `bold'
(Font)                  OT1/cmtt/m/n --> OT1/lmtt/m/n on input line 38.
) (/usr/local/texlive/2026/texmf-dist/tex/latex/microtype/microtype.sty
Package: microtype 2026/03/01 v3.2d Micro-typographical refinements (RS)
 (/usr/local/texlive/2026/texmf-dist/tex/latex/etoolbox/etoolbox.sty
Package: etoolbox 2025/10/02 v2.5m e-TeX tools for LaTeX (JAW)
\etb@tempcnta=\count288
)
\MT@toks=\toks21
\MT@tempbox=\box53
\MT@count=\count289
LaTeX Info: Redefining \noprotrusionifhmode on input line 1084.
LaTeX Info: Redefining \leftprotrusion on input line 1085.
\MT@prot@toks=\toks22
LaTeX Info: Redefining \rightprotrusion on input line 1104.
LaTeX Info: Redefining \textls on input line 1449.
\MT@outer@kern=\dimen158
LaTeX Info: Redefining \microtypecontext on input line 2053.
LaTeX Info: Redefining \textmicrotypecontext on input line 2070.
\MT@listname@count=\count290
 (/usr/local/texlive/2026/texmf-dist/tex/latex/microtype/microtype-pdftex.def
File: microtype-pdftex.def 2026/03/01 v3.2d Definitions specific to pdftex (RS)
LaTeX Info: Redefining \lsstyle on input line 944.
LaTeX Info: Redefining \lslig on input line 944.
\MT@outer@space=\skip51
)
Package microtype Info: Loading configuration file microtype.cfg.
 (/usr/local/texlive/2026/texmf-dist/tex/latex/microtype/microtype.cfg
File: microtype.cfg 2026/03/01 v3.2d microtype main configuration file (RS)
)
LaTeX Info: Redefining \microtypesetup on input line 3065.
) (/usr/local/texlive/2026/texmf-dist/tex/latex/graphics/graphicx.sty
Package: graphicx 2024/12/31 v1.2e Enhanced LaTeX Graphics (DPC,SPQR)
 (/usr/local/texlive/2026/texmf-dist/tex/latex/graphics/graphics.sty
Package: graphics 2024/08/06 v1.4g Standard LaTeX Graphics (DPC,SPQR)
 (/usr/local/texlive/2026/texmf-dist/tex/latex/graphics/trig.sty
Package: trig 2023/12/02 v1.11 sin cos tan (DPC)
) (/usr/local/texlive/2026/texmf-dist/tex/latex/graphics-cfg/graphics.cfg
File: graphics.cfg 2016/06/04 v1.11 sample graphics configuration
)
Package graphics Info: Driver file: pdftex.def on input line 106.
 (/usr/local/texlive/2026/texmf-dist/tex/latex/graphics-def/pdftex.def
File: pdftex.def 2025/09/29 v1.2d Graphics/color driver for pdftex
))
\Gin@req@height=\dimen159
\Gin@req@width=\dimen160
) (/usr/local/texlive/2026/texmf-dist/tex/latex/caption/caption.sty
Package: caption 2023/08/05 v3.6o Customizing captions (AR)
 (/usr/local/texlive/2026/texmf-dist/tex/latex/caption/caption3.sty
Package: caption3 2023/07/31 v2.4d caption3 kernel (AR)
\caption@tempdima=\dimen161
\captionmargin=\dimen162
\caption@leftmargin=\dimen163
\caption@rightmargin=\dimen164
\caption@width=\dimen165
\caption@indent=\dimen166
\caption@parindent=\dimen167
\caption@hangindent=\dimen168
Package caption Info: Standard document class detected.
)
\c@caption@flags=\count291
\c@continuedfloat=\count292
) (/usr/local/texlive/2026/texmf-dist/tex/latex/tools/array.sty
Package: array 2025/09/25 v2.6n Tabular extension package (FMi)
\col@sep=\dimen169
\ar@mcellbox=\box54
\extrarowheight=\dimen170
\NC@list=\toks23
\extratabsurround=\skip52
\backup@length=\skip53
\ar@cellbox=\box55
) (/usr/local/texlive/2026/texmf-dist/tex/latex/booktabs/booktabs.sty
Package: booktabs 2020/01/12 v1.61803398 Publication quality tables
\heavyrulewidth=\dimen171
\lightrulewidth=\dimen172
\cmidrulewidth=\dimen173
\belowrulesep=\dimen174
\belowbottomsep=\dimen175
\aboverulesep=\dimen176
\abovetopsep=\dimen177
\cmidrulesep=\dimen178
\cmidrulekern=\dimen179
\defaultaddspace=\dimen180
\@cmidla=\count293
\@cmidlb=\count294
\@aboverulesep=\dimen181
\@belowrulesep=\dimen182
\@thisruleclass=\count295
\@lastruleclass=\count296
\@thisrulewidth=\dimen183
) (/usr/local/texlive/2026/texmf-dist/tex/latex/tools/longtable.sty
Package: longtable 2025-10-13 v4.24 Multi-page Table package (DPC)
\LTleft=\skip54
\LTright=\skip55
\LTpre=\skip56
\LTpost=\skip57
\LTchunksize=\count297
\LTcapwidth=\dimen184
\LT@head=\box56
\LT@firsthead=\box57
\LT@foot=\box58
\LT@lastfoot=\box59
\LT@gbox=\box60
\LT@cols=\count298
\LT@rows=\count299
\c@LT@tables=\count300
\c@LT@chunks=\count301
\LT@p@ftn=\toks24
) (/usr/local/texlive/2026/texmf-dist/tex/latex/tools/tabularx.sty
Package: tabularx 2023/12/11 v2.12a `tabularx' package (DPC)
\TX@col@width=\dimen185
\TX@old@table=\dimen186
\TX@old@col=\dimen187
\TX@target=\dimen188
\TX@delta=\dimen189
\TX@cols=\count302
\TX@ftn=\toks25
) (/usr/local/texlive/2026/texmf-dist/tex/latex/multirow/multirow.sty
Package: multirow 2024/11/12 v2.9 Span multiple rows of a table
\multirow@colwidth=\skip58
\multirow@cntb=\count303
\multirow@dima=\skip59
\bigstrutjot=\dimen190
) (/usr/local/texlive/2026/texmf-dist/tex/latex/enumitem/enumitem.sty
Package: enumitem 2025/02/06 v3.11 Customized lists
\labelindent=\skip60
\enit@outerparindent=\dimen191
\enit@toks=\toks26
\enit@inbox=\box61
\enit@count@id=\count304
\enitdp@description=\count305
) (/usr/local/texlive/2026/texmf-dist/tex/latex/float/float.sty
Package: float 2001/11/08 v1.3d Float enhancements (AL)
\c@float@type=\count306
\float@exts=\toks27
\float@box=\box62
\@float@everytoks=\toks28
\@floatcapt=\box63
) (/usr/local/texlive/2026/texmf-dist/tex/latex/xcolor/xcolor.sty
Package: xcolor 2024/09/29 v3.02 LaTeX color extensions (UK)
 (/usr/local/texlive/2026/texmf-dist/tex/latex/graphics-cfg/color.cfg
File: color.cfg 2016/01/02 v1.6 sample color configuration
)
Package xcolor Info: Driver file: pdftex.def on input line 274.
 (/usr/local/texlive/2026/texmf-dist/tex/latex/graphics/mathcolor.ltx)
Package xcolor Info: Model `cmy' substituted by `cmy0' on input line 1349.
Package xcolor Info: Model `hsb' substituted by `rgb' on input line 1353.
Package xcolor Info: Model `RGB' extended on input line 1365.
Package xcolor Info: Model `HTML' substituted by `rgb' on input line 1367.
Package xcolor Info: Model `Hsb' substituted by `hsb' on input line 1368.
Package xcolor Info: Model `tHsb' substituted by `hsb' on input line 1369.
Package xcolor Info: Model `HSB' substituted by `hsb' on input line 1370.
Package xcolor Info: Model `Gray' substituted by `gray' on input line 1371.
Package xcolor Info: Model `wave' substituted by `hsb' on input line 1372.
) (/usr/local/texlive/2026/texmf-dist/tex/latex/fancyhdr/fancyhdr.sty
Package: fancyhdr 2025/02/07 v5.2 Extensive control of page headers and footers
\f@nch@headwidth=\skip61
\f@nch@offset@elh=\skip62
\f@nch@offset@erh=\skip63
\f@nch@offset@olh=\skip64
\f@nch@offset@orh=\skip65
\f@nch@offset@elf=\skip66
\f@nch@offset@erf=\skip67
\f@nch@offset@olf=\skip68
\f@nch@offset@orf=\skip69
\f@nch@height=\skip70
\f@nch@footalignment=\skip71
\f@nch@widthL=\skip72
\f@nch@widthC=\skip73
\f@nch@widthR=\skip74
\@temptokenb=\toks29
) (/usr/local/texlive/2026/texmf-dist/tex/latex/lastpage/lastpage.sty
Package: lastpage 2025/08/14 v2.1h lastpage: 2.09 or 2e? (HMM)
 (/usr/local/texlive/2026/texmf-dist/tex/latex/lastpage/lastpage2e.sty
Package: lastpage2e 2025/08/14 v2.1h Decide which 2e lastpage version to use (HMM)
 (/usr/local/texlive/2026/texmf-dist/tex/latex/lastpage/lastpagemodern.sty
Package: lastpagemodern 2025-08-14 v2.1h Refers to last page's name (HMM; JPG)
\c@lastpagecount=\count307
) 
)) (/usr/local/texlive/2026/texmf-dist/tex/latex/amsmath/amsmath.sty
Package: amsmath 2025/07/09 v2.17z AMS math features
\@mathmargin=\skip75

For additional information on amsmath, use the `?' option.
(/usr/local/texlive/2026/texmf-dist/tex/latex/amsmath/amstext.sty
Package: amstext 2024/11/17 v2.01 AMS text
 (/usr/local/texlive/2026/texmf-dist/tex/latex/amsmath/amsgen.sty
File: amsgen.sty 1999/11/30 v2.0 generic functions
\@emptytoks=\toks30
\ex@=\dimen192
)) (/usr/local/texlive/2026/texmf-dist/tex/latex/amsmath/amsbsy.sty
Package: amsbsy 1999/11/29 v1.2d Bold Symbols
\pmbraise@=\dimen193
) (/usr/local/texlive/2026/texmf-dist/tex/latex/amsmath/amsopn.sty
Package: amsopn 2022/04/08 v2.04 operator names
)
\inf@bad=\count308
LaTeX Info: Redefining \frac on input line 233.
\uproot@=\count309
\leftroot@=\count310
LaTeX Info: Redefining \overline on input line 398.
LaTeX Info: Redefining \colon on input line 409.
\classnum@=\count311
\DOTSCASE@=\count312
LaTeX Info: Redefining \ldots on input line 495.
LaTeX Info: Redefining \dots on input line 498.
LaTeX Info: Redefining \cdots on input line 619.
\Mathstrutbox@=\box64
\strutbox@=\box65
LaTeX Info: Redefining \big on input line 721.
LaTeX Info: Redefining \Big on input line 722.
LaTeX Info: Redefining \bigg on input line 723.
LaTeX Info: Redefining \Bigg on input line 724.
\big@size=\dimen194
LaTeX Font Info:    Redeclaring font encoding OML on input line 742.
LaTeX Font Info:    Redeclaring font encoding OMS on input line 743.
\macc@depth=\count313
LaTeX Info: Redefining \bmod on input line 904.
LaTeX Info: Redefining \pmod on input line 909.
LaTeX Info: Redefining \smash on input line 939.
LaTeX Info: Redefining \relbar on input line 969.
LaTeX Info: Redefining \Relbar on input line 970.
\c@MaxMatrixCols=\count314
\dotsspace@=\muskip17
\c@parentequation=\count315
\dspbrk@lvl=\count316
\tag@help=\toks31
\row@=\count317
\column@=\count318
\maxfields@=\count319
\andhelp@=\toks32
\eqnshift@=\dimen195
\alignsep@=\dimen196
\tagshift@=\dimen197
\tagwidth@=\dimen198
\totwidth@=\dimen199
\lineht@=\dimen256
\@envbody=\toks33
\multlinegap=\skip76
\multlinetaggap=\skip77
\mathdisplay@stack=\toks34
LaTeX Info: Redefining \[ on input line 2950.
LaTeX Info: Redefining \] on input line 2951.
) (/usr/local/texlive/2026/texmf-dist/tex/latex/amsfonts/amssymb.sty
Package: amssymb 2013/01/14 v3.01 AMS font symbols
 (/usr/local/texlive/2026/texmf-dist/tex/latex/amsfonts/amsfonts.sty
Package: amsfonts 2013/01/14 v3.01 Basic AMSFonts support
\symAMSa=\mathgroup4
\symAMSb=\mathgroup5
LaTeX Font Info:    Redeclaring math symbol \hbar on input line 98.
LaTeX Font Info:    Overwriting math alphabet `\mathfrak' in version `bold'
(Font)                  U/euf/m/n --> U/euf/b/n on input line 106.
)) (/usr/local/texlive/2026/texmf-dist/tex/latex/pgf/frontendlayer/tikz.sty (/usr/local/texlive/2026/texmf-dist/tex/latex/pgf/basiclayer/pgf.sty (/usr/local/texlive/2026/texmf-dist/tex/latex/pgf/utilities/pgfrcs.sty (/usr/local/texlive/2026/texmf-dist/tex/generic/pgf/utilities/pgfutil-common.tex
\pgfutil@everybye=\toks35
\pgfutil@tempdima=\dimen257
\pgfutil@tempdimb=\dimen258
) (/usr/local/texlive/2026/texmf-dist/tex/generic/pgf/utilities/pgfutil-latex.def
\pgfutil@abb=\box66
) (/usr/local/texlive/2026/texmf-dist/tex/generic/pgf/utilities/pgfrcs.code.tex (/usr/local/texlive/2026/texmf-dist/tex/generic/pgf/pgf.revision.tex)
Package: pgfrcs 2025-08-29 v3.1.11a (3.1.11a)
))
Package: pgf 2025-08-29 v3.1.11a (3.1.11a)
 (/usr/local/texlive/2026/texmf-dist/tex/latex/pgf/basiclayer/pgfcore.sty (/usr/local/texlive/2026/texmf-dist/tex/latex/pgf/systemlayer/pgfsys.sty (/usr/local/texlive/2026/texmf-dist/tex/generic/pgf/systemlayer/pgfsys.code.tex
Package: pgfsys 2025-08-29 v3.1.11a (3.1.11a)
 (/usr/local/texlive/2026/texmf-dist/tex/generic/pgf/utilities/pgfkeys.code.tex
\pgfkeys@pathtoks=\toks36
\pgfkeys@temptoks=\toks37
 (/usr/local/texlive/2026/texmf-dist/tex/generic/pgf/utilities/pgfkeyslibraryfiltered.code.tex
\pgfkeys@tmptoks=\toks38
))
\pgf@x=\dimen259
\pgf@y=\dimen260
\pgf@xa=\dimen261
\pgf@ya=\dimen262
\pgf@xb=\dimen263
\pgf@yb=\dimen264
\pgf@xc=\dimen265
\pgf@yc=\dimen266
\pgf@xd=\dimen267
\pgf@yd=\dimen268
\w@pgf@writea=\write3
\r@pgf@reada=\read3
\c@pgf@counta=\count320
\c@pgf@countb=\count321
\c@pgf@countc=\count322
\c@pgf@countd=\count323
\t@pgf@toka=\toks39
\t@pgf@tokb=\toks40
\t@pgf@tokc=\toks41
\pgf@sys@id@count=\count324
 (/usr/local/texlive/2026/texmf-dist/tex/generic/pgf/systemlayer/pgf.cfg
File: pgf.cfg 2025-08-29 v3.1.11a (3.1.11a)
)
Driver file for pgf: pgfsys-pdftex.def
 (/usr/local/texlive/2026/texmf-dist/tex/generic/pgf/systemlayer/pgfsys-pdftex.def
File: pgfsys-pdftex.def 2025-08-29 v3.1.11a (3.1.11a)
 (/usr/local/texlive/2026/texmf-dist/tex/generic/pgf/systemlayer/pgfsys-common-pdf.def
File: pgfsys-common-pdf.def 2025-08-29 v3.1.11a (3.1.11a)
))) (/usr/local/texlive/2026/texmf-dist/tex/generic/pgf/systemlayer/pgfsyssoftpath.code.tex
File: pgfsyssoftpath.code.tex 2025-08-29 v3.1.11a (3.1.11a)
\pgfsyssoftpath@smallbuffer@items=\count325
\pgfsyssoftpath@bigbuffer@items=\count326
) (/usr/local/texlive/2026/texmf-dist/tex/generic/pgf/systemlayer/pgfsysprotocol.code.tex
File: pgfsysprotocol.code.tex 2025-08-29 v3.1.11a (3.1.11a)
)) (/usr/local/texlive/2026/texmf-dist/tex/generic/pgf/basiclayer/pgfcore.code.tex
Package: pgfcore 2025-08-29 v3.1.11a (3.1.11a)
 (/usr/local/texlive/2026/texmf-dist/tex/generic/pgf/math/pgfmath.code.tex (/usr/local/texlive/2026/texmf-dist/tex/generic/pgf/math/pgfmathutil.code.tex) (/usr/local/texlive/2026/texmf-dist/tex/generic/pgf/math/pgfmathparser.code.tex
\pgfmath@dimen=\dimen269
\pgfmath@count=\count327
\pgfmath@box=\box67
\pgfmath@toks=\toks42
\pgfmath@stack@operand=\toks43
\pgfmath@stack@operation=\toks44
) (/usr/local/texlive/2026/texmf-dist/tex/generic/pgf/math/pgfmathfunctions.code.tex) (/usr/local/texlive/2026/texmf-dist/tex/generic/pgf/math/pgfmathfunctions.basic.code.tex) (/usr/local/texlive/2026/texmf-dist/tex/generic/pgf/math/pgfmathfunctions.trigonometric.code.tex) (/usr/local/texlive/2026/texmf-dist/tex/generic/pgf/math/pgfmathfunctions.random.code.tex) (/usr/local/texlive/2026/texmf-dist/tex/generic/pgf/math/pgfmathfunctions.comparison.code.tex) (/usr/local/texlive/2026/texmf-dist/tex/generic/pgf/math/pgfmathfunctions.base.code.tex) (/usr/local/texlive/2026/texmf-dist/tex/generic/pgf/math/pgfmathfunctions.round.code.tex) (/usr/local/texlive/2026/texmf-dist/tex/generic/pgf/math/pgfmathfunctions.misc.code.tex) (/usr/local/texlive/2026/texmf-dist/tex/generic/pgf/math/pgfmathfunctions.integerarithmetics.code.tex) (/usr/local/texlive/2026/texmf-dist/tex/generic/pgf/math/pgfmathcalc.code.tex) (/usr/local/texlive/2026/texmf-dist/tex/generic/pgf/math/pgfmathfloat.code.tex
\c@pgfmathroundto@lastzeros=\count328
)) (/usr/local/texlive/2026/texmf-dist/tex/generic/pgf/math/pgfint.code.tex) (/usr/local/texlive/2026/texmf-dist/tex/generic/pgf/basiclayer/pgfcorepoints.code.tex
File: pgfcorepoints.code.tex 2025-08-29 v3.1.11a (3.1.11a)
\pgf@picminx=\dimen270
\pgf@picmaxx=\dimen271
\pgf@picminy=\dimen272
\pgf@picmaxy=\dimen273
\pgf@pathminx=\dimen274
\pgf@pathmaxx=\dimen275
\pgf@pathminy=\dimen276
\pgf@pathmaxy=\dimen277
\pgf@xx=\dimen278
\pgf@xy=\dimen279
\pgf@yx=\dimen280
\pgf@yy=\dimen281
\pgf@zx=\dimen282
\pgf@zy=\dimen283
) (/usr/local/texlive/2026/texmf-dist/tex/generic/pgf/basiclayer/pgfcorepathconstruct.code.tex
File: pgfcorepathconstruct.code.tex 2025-08-29 v3.1.11a (3.1.11a)
\pgf@path@lastx=\dimen284
\pgf@path@lasty=\dimen285
) (/usr/local/texlive/2026/texmf-dist/tex/generic/pgf/basiclayer/pgfcorepathusage.code.tex
File: pgfcorepathusage.code.tex 2025-08-29 v3.1.11a (3.1.11a)
\pgf@shorten@end@additional=\dimen286
\pgf@shorten@start@additional=\dimen287
) (/usr/local/texlive/2026/texmf-dist/tex/generic/pgf/basiclayer/pgfcorescopes.code.tex
File: pgfcorescopes.code.tex 2025-08-29 v3.1.11a (3.1.11a)
\pgfpic=\box68
\pgf@hbox=\box69
\pgf@layerbox@main=\box70
\pgf@picture@serial@count=\count329
) (/usr/local/texlive/2026/texmf-dist/tex/generic/pgf/basiclayer/pgfcoregraphicstate.code.tex
File: pgfcoregraphicstate.code.tex 2025-08-29 v3.1.11a (3.1.11a)
\pgflinewidth=\dimen288
) (/usr/local/texlive/2026/texmf-dist/tex/generic/pgf/basiclayer/pgfcoretransformations.code.tex
File: pgfcoretransformations.code.tex 2025-08-29 v3.1.11a (3.1.11a)
\pgf@pt@x=\dimen289
\pgf@pt@y=\dimen290
\pgf@pt@temp=\dimen291
) (/usr/local/texlive/2026/texmf-dist/tex/generic/pgf/basiclayer/pgfcorequick.code.tex
File: pgfcorequick.code.tex 2025-08-29 v3.1.11a (3.1.11a)
) (/usr/local/texlive/2026/texmf-dist/tex/generic/pgf/basiclayer/pgfcoreobjects.code.tex
File: pgfcoreobjects.code.tex 2025-08-29 v3.1.11a (3.1.11a)
) (/usr/local/texlive/2026/texmf-dist/tex/generic/pgf/basiclayer/pgfcorepathprocessing.code.tex
File: pgfcorepathprocessing.code.tex 2025-08-29 v3.1.11a (3.1.11a)
) (/usr/local/texlive/2026/texmf-dist/tex/generic/pgf/basiclayer/pgfcorearrows.code.tex
File: pgfcorearrows.code.tex 2025-08-29 v3.1.11a (3.1.11a)
\pgfarrowsep=\dimen292
) (/usr/local/texlive/2026/texmf-dist/tex/generic/pgf/basiclayer/pgfcoreshade.code.tex
File: pgfcoreshade.code.tex 2025-08-29 v3.1.11a (3.1.11a)
\pgf@max=\dimen293
\pgf@sys@shading@range@num=\count330
\pgf@shadingcount=\count331
) (/usr/local/texlive/2026/texmf-dist/tex/generic/pgf/basiclayer/pgfcoreimage.code.tex
File: pgfcoreimage.code.tex 2025-08-29 v3.1.11a (3.1.11a)
) (/usr/local/texlive/2026/texmf-dist/tex/generic/pgf/basiclayer/pgfcoreexternal.code.tex
File: pgfcoreexternal.code.tex 2025-08-29 v3.1.11a (3.1.11a)
\pgfexternal@startupbox=\box71
) (/usr/local/texlive/2026/texmf-dist/tex/generic/pgf/basiclayer/pgfcorelayers.code.tex
File: pgfcorelayers.code.tex 2025-08-29 v3.1.11a (3.1.11a)
) (/usr/local/texlive/2026/texmf-dist/tex/generic/pgf/basiclayer/pgfcoretransparency.code.tex
File: pgfcoretransparency.code.tex 2025-08-29 v3.1.11a (3.1.11a)
) (/usr/local/texlive/2026/texmf-dist/tex/generic/pgf/basiclayer/pgfcorepatterns.code.tex
File: pgfcorepatterns.code.tex 2025-08-29 v3.1.11a (3.1.11a)
) (/usr/local/texlive/2026/texmf-dist/tex/generic/pgf/basiclayer/pgfcorerdf.code.tex
File: pgfcorerdf.code.tex 2025-08-29 v3.1.11a (3.1.11a)
))) (/usr/local/texlive/2026/texmf-dist/tex/generic/pgf/modules/pgfmoduleshapes.code.tex
File: pgfmoduleshapes.code.tex 2025-08-29 v3.1.11a (3.1.11a)
\pgfnodeparttextbox=\box72
) (/usr/local/texlive/2026/texmf-dist/tex/generic/pgf/modules/pgfmoduleplot.code.tex
File: pgfmoduleplot.code.tex 2025-08-29 v3.1.11a (3.1.11a)
) (/usr/local/texlive/2026/texmf-dist/tex/latex/pgf/compatibility/pgfcomp-version-0-65.sty
Package: pgfcomp-version-0-65 2025-08-29 v3.1.11a (3.1.11a)
\pgf@nodesepstart=\dimen294
\pgf@nodesepend=\dimen295
) (/usr/local/texlive/2026/texmf-dist/tex/latex/pgf/compatibility/pgfcomp-version-1-18.sty
Package: pgfcomp-version-1-18 2025-08-29 v3.1.11a (3.1.11a)
)) (/usr/local/texlive/2026/texmf-dist/tex/latex/pgf/utilities/pgffor.sty (/usr/local/texlive/2026/texmf-dist/tex/latex/pgf/utilities/pgfkeys.sty (/usr/local/texlive/2026/texmf-dist/tex/generic/pgf/utilities/pgfkeys.code.tex)) (/usr/local/texlive/2026/texmf-dist/tex/latex/pgf/math/pgfmath.sty (/usr/local/texlive/2026/texmf-dist/tex/generic/pgf/math/pgfmath.code.tex)) (/usr/local/texlive/2026/texmf-dist/tex/generic/pgf/utilities/pgffor.code.tex
Package: pgffor 2025-08-29 v3.1.11a (3.1.11a)
\pgffor@iter=\dimen296
\pgffor@skip=\dimen297
\pgffor@stack=\toks45
\pgffor@toks=\toks46
)) (/usr/local/texlive/2026/texmf-dist/tex/generic/pgf/frontendlayer/tikz/tikz.code.tex
Package: tikz 2025-08-29 v3.1.11a (3.1.11a)
 (/usr/local/texlive/2026/texmf-dist/tex/generic/pgf/libraries/pgflibraryplothandlers.code.tex
File: pgflibraryplothandlers.code.tex 2025-08-29 v3.1.11a (3.1.11a)
\pgf@plot@mark@count=\count332
\pgfplotmarksize=\dimen298
)
\tikz@lastx=\dimen299
\tikz@lasty=\dimen300
\tikz@lastxsaved=\dimen301
\tikz@lastysaved=\dimen302
\tikz@lastmovetox=\dimen303
\tikz@lastmovetoy=\dimen304
\tikzleveldistance=\dimen305
\tikzsiblingdistance=\dimen306
\tikz@figbox=\box73
\tikz@figbox@bg=\box74
\tikz@tempbox=\box75
\tikz@tempbox@bg=\box76
\tikztreelevel=\count333
\tikznumberofchildren=\count334
\tikznumberofcurrentchild=\count335
\tikz@fig@count=\count336
 (/usr/local/texlive/2026/texmf-dist/tex/generic/pgf/modules/pgfmodulematrix.code.tex
File: pgfmodulematrix.code.tex 2025-08-29 v3.1.11a (3.1.11a)
\pgfmatrixcurrentrow=\count337
\pgfmatrixcurrentcolumn=\count338
\pgf@matrix@numberofcolumns=\count339
)
\tikz@expandcount=\count340
 (/usr/local/texlive/2026/texmf-dist/tex/generic/pgf/frontendlayer/tikz/libraries/tikzlibrarytopaths.code.tex
File: tikzlibrarytopaths.code.tex 2025-08-29 v3.1.11a (3.1.11a)
))) (/usr/local/texlive/2026/texmf-dist/tex/latex/pdflscape/pdflscape.sty
Package: pdflscape 2025-06-23 v0.14 Display of landscape pages in PDF
 (/usr/local/texlive/2026/texmf-dist/tex/latex/pdflscape/pdflscape-nometadata.sty
Package: pdflscape-nometadata 2025-06-23 v0.14 Display of landscape pages in PDF (HO)
 (/usr/local/texlive/2026/texmf-dist/tex/latex/graphics/lscape.sty
Package: lscape 2020/05/28 v3.02 Landscape Pages (DPC)
)
Package pdflscape Info: Auto-detected driver: pdftex on input line 81.
)) (/usr/local/texlive/2026/texmf-dist/tex/generic/pgf/libraries/pgflibraryarrows.meta.code.tex
File: pgflibraryarrows.meta.code.tex 2025-08-29 v3.1.11a (3.1.11a)
\pgfarrowinset=\dimen307
\pgfarrowlength=\dimen308
\pgfarrowwidth=\dimen309
\pgfarrowlinewidth=\dimen310
) (/usr/local/texlive/2026/texmf-dist/tex/generic/pgf/frontendlayer/tikz/libraries/tikzlibrarypositioning.code.tex
File: tikzlibrarypositioning.code.tex 2025-08-29 v3.1.11a (3.1.11a)
) (/usr/local/texlive/2026/texmf-dist/tex/generic/pgf/frontendlayer/tikz/libraries/tikzlibraryshapes.geometric.code.tex
File: tikzlibraryshapes.geometric.code.tex 2025-08-29 v3.1.11a (3.1.11a)
 (/usr/local/texlive/2026/texmf-dist/tex/generic/pgf/libraries/shapes/pgflibraryshapes.geometric.code.tex
File: pgflibraryshapes.geometric.code.tex 2025-08-29 v3.1.11a (3.1.11a)
)) (/usr/local/texlive/2026/texmf-dist/tex/latex/tcolorbox/tcolorbox.sty
Package: tcolorbox 2025/11/28 version 6.9.0 text color boxes
 (/usr/local/texlive/2026/texmf-dist/tex/latex/tools/verbatim.sty
Package: verbatim 2024-01-22 v1.5x LaTeX2e package for verbatim enhancements
\every@verbatim=\toks47
\verbatim@line=\toks48
\verbatim@in@stream=\read4
) (/usr/local/texlive/2026/texmf-dist/tex/latex/environ/environ.sty
Package: environ 2014/05/04 v0.3 A new way to define environments
 (/usr/local/texlive/2026/texmf-dist/tex/latex/trimspaces/trimspaces.sty
Package: trimspaces 2009/09/17 v1.1 Trim spaces around a token list
))
\tcb@titlebox=\box77
\tcb@upperbox=\box78
\tcb@lowerbox=\box79
\tcb@phantombox=\box80
\c@tcbbreakpart=\count341
\c@tcblayer=\count342
\c@tcolorbox@number=\count343
\l__tcobox_tmpa_box=\box81
\l__tcobox_tmpa_dim=\dimen311
\tcb@temp=\box82
\tcb@temp=\box83
\tcb@temp=\box84
\tcb@temp=\box85
 (/usr/local/texlive/2026/texmf-dist/tex/latex/tcolorbox/tcbraster.code.tex
Library (tcolorbox): 'tcbraster.code.tex' version '6.9.0'
\c@tcbrastercolumn=\count344
\c@tcbrasterrow=\count345
\c@tcbrasternum=\count346
\c@tcbraster=\count347
) (/usr/local/texlive/2026/texmf-dist/tex/latex/tcolorbox/tcbskins.code.tex
Library (tcolorbox): 'tcbskins.code.tex' version '6.9.0'
(/usr/local/texlive/2026/texmf-dist/tex/latex/tikzfill/tikzfill.image.sty
Package: tikzfill.image 2023/08/08 v1.0.1 Image filling library for TikZ
 (/usr/local/texlive/2026/texmf-dist/tex/latex/tikzfill/tikzfill-common.sty
Package: tikzfill-common 2023/08/08 v1.0.1 Auxiliary code for tikzfill
) (/usr/local/texlive/2026/texmf-dist/tex/latex/tikzfill/tikzlibraryfill.image.code.tex
File: tikzlibraryfill.image.code.tex 2023/08/08 v1.0.1 Image filling library
\l__tikzfill_img_box=\box86
)) (/usr/local/texlive/2026/texmf-dist/tex/latex/tcolorbox/tcbskinsjigsaw.code.tex
Library (tcolorbox): 'tcbskinsjigsaw.code.tex' version '6.9.0'
)) (/usr/local/texlive/2026/texmf-dist/tex/latex/tcolorbox/tcbbreakable.code.tex
Library (tcolorbox): 'tcbbreakable.code.tex' version '6.9.0'
(/usr/local/texlive/2026/texmf-dist/tex/latex/pdfcol/pdfcol.sty
Package: pdfcol 2022-09-21 v1.7 Handle new color stacks for pdfTeX (HO)
 (/usr/local/texlive/2026/texmf-dist/tex/generic/ltxcmds/ltxcmds.sty
Package: ltxcmds 2023-12-04 v1.26 LaTeX kernel commands for general use (HO)
) (/usr/local/texlive/2026/texmf-dist/tex/generic/infwarerr/infwarerr.sty
Package: infwarerr 2019/12/03 v1.5 Providing info/warning/error messages (HO)
))
Package pdfcol Info: New color stack `tcb@breakable' = 1 on input line 23.
\tcb@testbox=\box87
\tcb@totalupperbox=\box88
\tcb@totallowerbox=\box89
) (/usr/local/texlive/2026/texmf-dist/tex/latex/tcolorbox/tcbhooks.code.tex
Library (tcolorbox): 'tcbhooks.code.tex' version '6.9.0'
) (/usr/local/texlive/2026/texmf-dist/tex/latex/tcolorbox/tcbtheorems.code.tex
Library (tcolorbox): 'tcbtheorems.code.tex' version '6.9.0'
) (/usr/local/texlive/2026/texmf-dist/tex/latex/tcolorbox/tcbfitting.code.tex
Library (tcolorbox): 'tcbfitting.code.tex' version '6.9.0'
\tcbfitdim=\dimen312
\tcb@lowerfitdim=\dimen313
\tcb@upperfitdim=\dimen314
\tcb@cur@hbadness=\count348
) (/usr/local/texlive/2026/texmf-dist/tex/latex/tcolorbox/tcblistingsutf8.code.tex
Library (tcolorbox): 'tcblistingsutf8.code.tex' version '6.9.0'
(/usr/local/texlive/2026/texmf-dist/tex/latex/tcolorbox/tcblistings.code.tex
Library (tcolorbox): 'tcblistings.code.tex' version '6.9.0'
(/usr/local/texlive/2026/texmf-dist/tex/latex/listings/listings.sty
\lst@mode=\count349
\lst@gtempboxa=\box90
\lst@token=\toks49
\lst@length=\count350
\lst@currlwidth=\dimen315
\lst@column=\count351
\lst@pos=\count352
\lst@lostspace=\dimen316
\lst@width=\dimen317
\lst@newlines=\count353
\lst@lineno=\count354
\lst@maxwidth=\dimen318
 (/usr/local/texlive/2026/texmf-dist/tex/latex/listings/lstpatch.sty
File: lstpatch.sty 2025/11/14 1.11b (Carsten Heinz)
) (/usr/local/texlive/2026/texmf-dist/tex/latex/listings/lstmisc.sty
File: lstmisc.sty 2025/11/14 1.11b (Carsten Heinz)
\c@lstnumber=\count355
\lst@skipnumbers=\count356
\lst@framebox=\box91
) (/usr/local/texlive/2026/texmf-dist/tex/latex/listings/listings.cfg
File: listings.cfg 2025/11/14 1.11b listings configuration
))
Package: listings 2025/11/14 1.11b (Carsten Heinz)

==> First Aid for listings.sty no longer applied!
    Expected:
        2024/09/23 1.10c (Carsten Heinz)
    but found:
        2025/11/14 1.11b (Carsten Heinz)
    so I'm assuming it got fixed.
(/usr/local/texlive/2026/texmf-dist/tex/latex/tcolorbox/tcblistingscore.code.tex
Library (tcolorbox): 'tcblistingscore.code.tex' version '6.9.0'
(/usr/local/texlive/2026/texmf-dist/tex/latex/tcolorbox/tcbprocessing.code.tex
Library (tcolorbox): 'tcbprocessing.code.tex' version '6.9.0'
)
\c@tcblisting=\count357
)) (/usr/local/texlive/2026/texmf-dist/tex/latex/listingsutf8/listingsutf8.sty
Package: listingsutf8 2019-12-10 v1.5 Allow UTF-8 in listings input (HO)
 (/usr/local/texlive/2026/texmf-dist/tex/generic/pdftexcmds/pdftexcmds.sty
Package: pdftexcmds 2020-06-27 v0.33 Utility functions of pdfTeX for LuaTeX (HO)
Package pdftexcmds Info: \pdf@primitive is available.
Package pdftexcmds Info: \pdf@ifprimitive is available.
Package pdftexcmds Info: \pdfdraftmode found.
) (/usr/local/texlive/2026/texmf-dist/tex/generic/stringenc/stringenc.sty
Package: stringenc 2019/11/29 v1.12 Convert strings between diff. encodings (HO)
 (/usr/local/texlive/2026/texmf-dist/tex/generic/pdfescape/pdfescape.sty
Package: pdfescape 2019/12/09 v1.15 Implements pdfTeX's escape features (HO)
)))) (/usr/local/texlive/2026/texmf-dist/tex/latex/tcolorbox/tcbexternal.code.tex
Library (tcolorbox): 'tcbexternal.code.tex' version '6.9.0'
) (/usr/local/texlive/2026/texmf-dist/tex/latex/tcolorbox/tcbmagazine.code.tex
Library (tcolorbox): 'tcbmagazine.code.tex' version '6.9.0'
) (/usr/local/texlive/2026/texmf-dist/tex/latex/tcolorbox/tcbvignette.code.tex
Library (tcolorbox): 'tcbvignette.code.tex' version '6.9.0'
(/usr/local/texlive/2026/texmf-dist/tex/generic/pgf/frontendlayer/tikz/libraries/tikzlibraryfadings.code.tex
File: tikzlibraryfadings.code.tex 2025-08-29 v3.1.11a (3.1.11a)
 (/usr/local/texlive/2026/texmf-dist/tex/generic/pgf/libraries/pgflibraryfadings.code.tex
File: pgflibraryfadings.code.tex 2025-08-29 v3.1.11a (3.1.11a)
))) (/usr/local/texlive/2026/texmf-dist/tex/latex/tcolorbox/tcbposter.code.tex
Library (tcolorbox): 'tcbposter.code.tex' version '6.9.0'
)) (/usr/local/texlive/2026/texmf-dist/tex/latex/hyperref/hyperref.sty
Package: hyperref 2026-01-29 v7.01p Hypertext links for LaTeX
 (/usr/local/texlive/2026/texmf-dist/tex/latex/kvsetkeys/kvsetkeys.sty
Package: kvsetkeys 2022-10-05 v1.19 Key value parser (HO)
) (/usr/local/texlive/2026/texmf-dist/tex/generic/kvdefinekeys/kvdefinekeys.sty
Package: kvdefinekeys 2019-12-19 v1.6 Define keys (HO)
) (/usr/local/texlive/2026/texmf-dist/tex/latex/hycolor/hycolor.sty
Package: hycolor 2020-01-27 v1.10 Color options for hyperref/bookmark (HO)
) (/usr/local/texlive/2026/texmf-dist/tex/latex/hyperref/nameref.sty
Package: nameref 2026-01-29 v2.58 Cross-referencing by name of section
 (/usr/local/texlive/2026/texmf-dist/tex/latex/refcount/refcount.sty
Package: refcount 2019/12/15 v3.6 Data extraction from label references (HO)
) (/usr/local/texlive/2026/texmf-dist/tex/generic/gettitlestring/gettitlestring.sty
Package: gettitlestring 2019/12/15 v1.6 Cleanup title references (HO)
 (/usr/local/texlive/2026/texmf-dist/tex/latex/kvoptions/kvoptions.sty
Package: kvoptions 2022-06-15 v3.15 Key value format for package options (HO)
))
\c@section@level=\count358
)
\@linkdim=\dimen319
\Hy@linkcounter=\count359
\Hy@pagecounter=\count360
 (/usr/local/texlive/2026/texmf-dist/tex/latex/hyperref/pd1enc.def
File: pd1enc.def 2026-01-29 v7.01p Hyperref: PDFDocEncoding definition (HO)
Now handling font encoding PD1 ...
... no UTF-8 mapping file for font encoding PD1
) (/usr/local/texlive/2026/texmf-dist/tex/generic/intcalc/intcalc.sty
Package: intcalc 2019/12/15 v1.3 Expandable calculations with integers (HO)
)
\Hy@SavedSpaceFactor=\count361
 (/usr/local/texlive/2026/texmf-dist/tex/latex/hyperref/puenc.def
File: puenc.def 2026-01-29 v7.01p Hyperref: PDF Unicode definition (HO)
Now handling font encoding PU ...
... no UTF-8 mapping file for font encoding PU
)
Package hyperref Info: Hyper figures OFF on input line 4201.
Package hyperref Info: Link nesting OFF on input line 4206.
Package hyperref Info: Hyper index ON on input line 4209.
Package hyperref Info: Plain pages OFF on input line 4216.
Package hyperref Info: Backreferencing OFF on input line 4221.
Package hyperref Info: Implicit mode ON; LaTeX internals redefined.
Package hyperref Info: Bookmarks ON on input line 4468.
\c@Hy@tempcnt=\count362
 (/usr/local/texlive/2026/texmf-dist/tex/latex/url/url.sty
\Urlmuskip=\muskip18
Package: url 2013/09/16  ver 3.4  Verb mode for urls, etc.
)
LaTeX Info: Redefining \url on input line 4807.
\XeTeXLinkMargin=\dimen320
 (/usr/local/texlive/2026/texmf-dist/tex/generic/bitset/bitset.sty
Package: bitset 2019/12/09 v1.3 Handle bit-vector datatype (HO)
 (/usr/local/texlive/2026/texmf-dist/tex/generic/bigintcalc/bigintcalc.sty
Package: bigintcalc 2019/12/15 v1.5 Expandable calculations on big integers (HO)
))
\Fld@menulength=\count363
\Field@Width=\dimen321
\Fld@charsize=\dimen322
Package hyperref Info: Hyper figures OFF on input line 6084.
Package hyperref Info: Link nesting OFF on input line 6089.
Package hyperref Info: Hyper index ON on input line 6092.
Package hyperref Info: backreferencing OFF on input line 6099.
Package hyperref Info: Link coloring OFF on input line 6104.
Package hyperref Info: Link coloring with OCG OFF on input line 6109.
Package hyperref Info: PDF/A mode OFF on input line 6114.
\Hy@abspage=\count364
\c@Item=\count365
\c@Hfootnote=\count366
)
Package hyperref Info: Driver (autodetected): hpdftex.
 (/usr/local/texlive/2026/texmf-dist/tex/latex/hyperref/hpdftex.def
File: hpdftex.def 2026-01-29 v7.01p Hyperref driver for pdfTeX
\Fld@listcount=\count367
\c@bookmark@seq@number=\count368
 (/usr/local/texlive/2026/texmf-dist/tex/latex/rerunfilecheck/rerunfilecheck.sty
Package: rerunfilecheck 2025-06-21 v1.11 Rerun checks for auxiliary files (HO)
 (/usr/local/texlive/2026/texmf-dist/tex/generic/uniquecounter/uniquecounter.sty
Package: uniquecounter 2019/12/15 v1.4 Provide unlimited unique counter (HO)
)
Package uniquecounter Info: New unique counter `rerunfilecheck' on input line 284.
)
\Hy@SectionHShift=\skip78
) (/usr/local/texlive/2026/texmf-dist/tex/latex/ltablex/ltablex.sty
Package: ltablex 2014/08/13 v1.1 Modified tabularx
)
Package hyperref Info: Option `colorlinks' set `true' on input line 23.
Package hyperref Info: Option `hypertexnames' set `false' on input line 23.
) (./preambulo/datos_proyecto.tex)
LaTeX Font Info:    Trying to load font information for T1+lmr on input line 4.
 (/usr/local/texlive/2026/texmf-dist/tex/latex/lm/t1lmr.fd
File: t1lmr.fd 2015/05/01 v1.6.1 Font defs for Latin Modern
) (/usr/local/texlive/2026/texmf-dist/tex/latex/l3backend/l3backend-pdftex.def
File: l3backend-pdftex.def 2025-10-09 L3 backend support: PDF output (pdfTeX)
\l__color_backend_stack_int=\count369
) (./main.aux)
\openout1 = `main.aux'.

LaTeX Font Info:    Checking defaults for OML/cmm/m/it on input line 4.
LaTeX Font Info:    ... okay on input line 4.
LaTeX Font Info:    Checking defaults for OMS/cmsy/m/n on input line 4.
LaTeX Font Info:    ... okay on input line 4.
LaTeX Font Info:    Checking defaults for OT1/cmr/m/n on input line 4.
LaTeX Font Info:    ... okay on input line 4.
LaTeX Font Info:    Checking defaults for T1/cmr/m/n on input line 4.
LaTeX Font Info:    ... okay on input line 4.
LaTeX Font Info:    Checking defaults for TS1/cmr/m/n on input line 4.
LaTeX Font Info:    ... okay on input line 4.
LaTeX Font Info:    Checking defaults for OMX/cmex/m/n on input line 4.
LaTeX Font Info:    ... okay on input line 4.
LaTeX Font Info:    Checking defaults for U/cmr/m/n on input line 4.
LaTeX Font Info:    ... okay on input line 4.
LaTeX Font Info:    Checking defaults for PD1/pdf/m/n on input line 4.
LaTeX Font Info:    ... okay on input line 4.
LaTeX Font Info:    Checking defaults for PU/pdf/m/n on input line 4.
LaTeX Font Info:    ... okay on input line 4.

*geometry* driver: auto-detecting
*geometry* detected driver: pdftex
*geometry* verbose mode - [ preamble ] result:
* driver: pdftex
* paper: letterpaper
* layout: <same size as paper>
* layoutoffset:(h,v)=(0.0pt,0.0pt)
* modes: 
* h-part:(L,W,R)=(64.01869pt, 486.25761pt, 64.01869pt)
* v-part:(T,H,B)=(64.01869pt, 666.9326pt, 64.01869pt)
* \paperwidth=614.295pt
* \paperheight=794.96999pt
* \textwidth=486.25761pt
* \textheight=666.9326pt
* \oddsidemargin=-8.2513pt
* \evensidemargin=-8.2513pt
* \topmargin=-45.2513pt
* \headheight=15.0pt
* \headsep=25.0pt
* \topskip=11.0pt
* \footskip=30.0pt
* \marginparwidth=59.0pt
* \marginparsep=10.0pt
* \columnsep=10.0pt
* \skip\footins=10.0pt plus 4.0pt minus 2.0pt
* \hoffset=0.0pt
* \voffset=0.0pt
* \mag=1000
* \@twocolumnfalse
* \@twosidefalse
* \@mparswitchfalse
* \@reversemarginfalse
* (1in=72.27pt=25.4mm, 1cm=28.453pt)

LaTeX Info: Redefining \microtypecontext on input line 4.
Package microtype Info: Applying patch `item' on input line 4.
Package microtype Info: Applying patch `toc' on input line 4.
Package microtype Info: Applying patch `eqnum' on input line 4.
Package microtype Info: Applying patch `footnote' on input line 4.
Package microtype Info: Applying patch `verbatim' on input line 4.
LaTeX Info: Redefining \microtypesetup on input line 4.
Package microtype Info: Generating PDF output.
Package microtype Info: Character protrusion enabled (level 2).
Package microtype Info: Using default protrusion set `alltext'.
Package microtype Info: Automatic font expansion enabled (level 2),
(microtype)             stretch: 20, shrink: 20, step: 1, non-selected.
Package microtype Info: Using default expansion set `alltext-nott'.
Package microtype Info: Patching command `\showhyphens'.
Package microtype Info: No adjustment of tracking.
Package microtype Info: No adjustment of interword spacing.
Package microtype Info: No adjustment of character kerning.
(/usr/local/texlive/2026/texmf-dist/tex/latex/microtype/mt-cmr.cfg
File: mt-cmr.cfg 2013/05/19 v2.2 microtype config. file: Computer Modern Roman (RS)
) (/usr/local/texlive/2026/texmf-dist/tex/context/base/mkii/supp-pdf.mkii
[Loading MPS to PDF converter (version 2006.09.02).]
\scratchcounter=\count370
\scratchdimen=\dimen323
\scratchbox=\box92
\nofMPsegments=\count371
\nofMParguments=\count372
\everyMPshowfont=\toks50
\MPscratchCnt=\count373
\MPscratchDim=\dimen324
\MPnumerator=\count374
\makeMPintoPDFobject=\count375
\everyMPtoPDFconversion=\toks51
) (/usr/local/texlive/2026/texmf-dist/tex/latex/epstopdf-pkg/epstopdf-base.sty
Package: epstopdf-base 2020-01-24 v2.11 Base part for package epstopdf
Package epstopdf-base Info: Redefining graphics rule for `.eps' on input line 485.
 (/usr/local/texlive/2026/texmf-dist/tex/latex/latexconfig/epstopdf-sys.cfg
File: epstopdf-sys.cfg 2010/07/13 v1.3 Configuration of (r)epstopdf for TeX Live
))
Package caption Info: Begin \AtBeginDocument code.
Package caption Info: float package is loaded.
Package caption Info: hyperref package is loaded.
Package caption Info: listings package is loaded.
Package caption Info: longtable package is loaded.
 (/usr/local/texlive/2026/texmf-dist/tex/latex/caption/ltcaption.sty
Package: ltcaption 2021/01/08 v1.4c longtable captions (AR)
)
Package caption Info: End \AtBeginDocument code.
\c@lstlisting=\count376
Package hyperref Info: Link coloring ON on input line 4.
 (./main.out) (./main.out)
\@outlinefile=\write4
\openout4 = `main.out'.

 (./secciones/00_portada.tex
<figuras/logo_ustabuca.png, id=252, 306.14375pt x 165.61874pt>
File: figuras/logo_ustabuca.png Graphic file (type png)
<use figuras/logo_ustabuca.png>
Package pdftex.def Info: figuras/logo_ustabuca.png  used on input line 3.
(pdftex.def)             Requested size: 282.0303pt x 152.58084pt.
 [1

{/usr/local/texlive/2026/texmf-var/fonts/map/pdftex/updmap/pdftex.map}{/usr/local/texlive/2026/texmf-dist/fonts/enc/dvips/lm/lm-ec.enc} <./figuras/logo_ustabuca.png>]) (./secciones/01_resumen.tex (./tablas/tabla_control_version.tex
LaTeX Font Info:    Trying to load font information for OT1+lmr on input line 5.
 (/usr/local/texlive/2026/texmf-dist/tex/latex/lm/ot1lmr.fd
File: ot1lmr.fd 2015/05/01 v1.6.1 Font defs for Latin Modern
)
LaTeX Font Info:    Trying to load font information for OML+lmm on input line 5.
 (/usr/local/texlive/2026/texmf-dist/tex/latex/lm/omllmm.fd
File: omllmm.fd 2015/05/01 v1.6.1 Font defs for Latin Modern
)
LaTeX Font Info:    Trying to load font information for OMS+lmsy on input line 5.
 (/usr/local/texlive/2026/texmf-dist/tex/latex/lm/omslmsy.fd
File: omslmsy.fd 2015/05/01 v1.6.1 Font defs for Latin Modern
)
LaTeX Font Info:    Trying to load font information for OMX+lmex on input line 5.
 (/usr/local/texlive/2026/texmf-dist/tex/latex/lm/omxlmex.fd
File: omxlmex.fd 2015/05/01 v1.6.1 Font defs for Latin Modern
)
LaTeX Font Info:    External font `lmex10' loaded for size
(Font)              <10.95> on input line 5.
LaTeX Font Info:    External font `lmex10' loaded for size
(Font)              <8> on input line 5.
LaTeX Font Info:    External font `lmex10' loaded for size
(Font)              <6> on input line 5.
LaTeX Font Info:    Trying to load font information for U+msa on input line 5.
 (/usr/local/texlive/2026/texmf-dist/tex/latex/amsfonts/umsa.fd
File: umsa.fd 2013/01/14 v3.01 AMS symbols A
) (/usr/local/texlive/2026/texmf-dist/tex/latex/microtype/mt-msa.cfg
File: mt-msa.cfg 2006/02/04 v1.1 microtype config. file: AMS symbols (a) (RS)
)
LaTeX Font Info:    Trying to load font information for U+msb on input line 5.
 (/usr/local/texlive/2026/texmf-dist/tex/latex/amsfonts/umsb.fd
File: umsb.fd 2013/01/14 v3.01 AMS symbols B
) (/usr/local/texlive/2026/texmf-dist/tex/latex/microtype/mt-msb.cfg
File: mt-msb.cfg 2005/06/01 v1.0 microtype config. file: AMS symbols (b) (RS)
)
Underfull \hbox (badness 10000) in paragraph at lines 8--8
[]|\T1/lmr/m/n/10.95 (+20) Merge remote-tracking branch 'ori-
 []

)) (./main.toc [1] [2])
\tf@toc=\write5
\openout5 = `main.toc'.

 (./main.lof [3])
\tf@lof=\write6
\openout6 = `main.lof'.

 (./main.lot [4])
\tf@lot=\write7
\openout7 = `main.lot'.

 [5] (./secciones/02_problema_objetivos.tex [1

]) (./secciones/03_caracterizacion_cip.tex [2] (./tablas/tabla_fases_cip.tex) (./tablas/tabla_clasificacion_informacion.tex (/usr/local/texlive/2026/texmf-dist/tex/latex/lm/ts1lmr.fd)
Overfull \hbox (13.59898pt too wide) in paragraph at lines 21--21
\T1/lmr/m/n/9 (-20) NORM_X/SCALE_X 
 []

) [3] [4]
Overfull \vbox (198.5228pt too high) has occurred while \output is active []

 [5{/usr/local/texlive/2026/texmf-dist/fonts/enc/dvips/lm/lm-ts1.enc}{/usr/local/texlive/2026/texmf-dist/fonts/enc/dvips/lm/lm-mathsy.enc}{/usr/local/texlive/2026/texmf-dist/fonts/enc/dvips/lm/lm-rm.enc}{/usr/local/texlive/2026/texmf-dist/fonts/enc/dvips/lm/lm-mathit.enc}] (./flujogramas/secuencia_cip.tex
Overfull \hbox (210.9565pt too wide) in paragraph at lines 38--39
 [][] 
 []

)) (./secciones/04_ingenieria_requisitos.tex [6] (./tablas/tabla_requisitos.tex
\colID=\skip79
\colCat=\skip80
\colReq=\skip81
\colCrit=\skip82
\colPrio=\skip83
\colVer=\skip84

Overfull \hbox (5.92383pt too wide) in paragraph at lines 32--32
[]|\T1/lmr/bx/n/8 (-20) Prioridad| 
 []


Overfull \hbox (36.00735pt too wide) in alignment at lines 28--34
 [] [] [] [] [] [] 
 []


Overfull \hbox (5.92383pt too wide) in paragraph at lines 38--38
[]|\T1/lmr/bx/n/8 (-20) Prioridad| 
 []


Overfull \hbox (36.00735pt too wide) in alignment at lines 34--40
 [] [] [] [] [] [] 
 []


Overfull \hbox (36.00735pt too wide) in alignment at lines 40--44
 [] [] [] [] [] [] 
 []


Overfull \hbox (36.00735pt too wide) in alignment at lines 44--47
 [] [] [] [] [] [] 
 []


Underfull \hbox (badness 10000) in paragraph at lines 49--49
[]|\T1/lmr/bx/n/8 (+20) REQ-
 []


Underfull \hbox (badness 4242) in paragraph at lines 49--49
[]|\T1/lmr/m/n/8 (+20) Prueba fun-
 []


Underfull \hbox (badness 10000) in paragraph at lines 51--51
[]|\T1/lmr/bx/n/8 (+20) REQ-
 []


Underfull \hbox (badness 4242) in paragraph at lines 51--51
[]|\T1/lmr/m/n/8 (+20) Prueba fun-
 []


Underfull \hbox (badness 10000) in paragraph at lines 53--53
[]|\T1/lmr/bx/n/8 (+20) REQ-
 []


Underfull \hbox (badness 10000) in paragraph at lines 55--55
[]|\T1/lmr/bx/n/8 (+20) REQ-
 []


Underfull \hbox (badness 10000) in paragraph at lines 57--57
[]|\T1/lmr/bx/n/8 (+20) REQ-
 []


Underfull \hbox (badness 10000) in paragraph at lines 59--59
[]|\T1/lmr/bx/n/8 (+20) REQ-
 []


Underfull \hbox (badness 10000) in paragraph at lines 61--61
[]|\T1/lmr/bx/n/8 (+20) REQ-
 []


Underfull \hbox (badness 10000) in paragraph at lines 63--63
[]|\T1/lmr/bx/n/8 (+20) REQ-
 []


Underfull \hbox (badness 10000) in paragraph at lines 65--65
[]|\T1/lmr/bx/n/8 (+20) REQ-
 []


Underfull \hbox (badness 10000) in paragraph at lines 67--67
[]|\T1/lmr/bx/n/8 (+20) REQ-
 []


Underfull \hbox (badness 10000) in paragraph at lines 69--69
[]|\T1/lmr/bx/n/8 (+20) REQ-
 []


Underfull \hbox (badness 10000) in paragraph at lines 71--71
[]|\T1/lmr/bx/n/8 (+20) REQ-
 []


Underfull \hbox (badness 10000) in paragraph at lines 73--73
[]|\T1/lmr/bx/n/8 (+20) REQ-
 []


Underfull \hbox (badness 10000) in paragraph at lines 75--75
[]|\T1/lmr/bx/n/8 (+20) REQ-
 []


Underfull \hbox (badness 10000) in paragraph at lines 77--77
[]|\T1/lmr/bx/n/8 (+20) REQ-
 []


Underfull \hbox (badness 10000) in paragraph at lines 77--77
[]|\T1/lmr/m/n/8 (+20) Comunicaciones
 []


Underfull \hbox (badness 10000) in paragraph at lines 79--79
[]|\T1/lmr/bx/n/8 (+20) REQ-
 []


Underfull \hbox (badness 10000) in paragraph at lines 81--81
[]|\T1/lmr/bx/n/8 (+20) REQ-
 []


Underfull \hbox (badness 10000) in paragraph at lines 83--83
[]|\T1/lmr/bx/n/8 (+20) REQ-
 []


Underfull \hbox (badness 10000) in paragraph at lines 85--85
[]|\T1/lmr/bx/n/8 (+20) REQ-
 []


Underfull \hbox (badness 10000) in paragraph at lines 87--87
[]|\T1/lmr/bx/n/8 (+20) REQ-
 []


Underfull \hbox (badness 10000) in paragraph at lines 87--87
[]|\T1/lmr/m/n/8 (+20) Documentación/
 []


Overfull \hbox (36.00735pt too wide) in alignment at lines 47--89
 [] [] [] [] [] [] 
 []


ignored: Infinite glue shrinkage found in box being split [7]) [8]
LaTeX Font Info:    Trying to load font information for T1+lmtt on input line 21.
 (/usr/local/texlive/2026/texmf-dist/tex/latex/lm/t1lmtt.fd
File: t1lmtt.fd 2015/05/01 v1.6.1 Font defs for Latin Modern
)
Package microtype Info: Loading generic protrusion settings for font family
(microtype)             `lmtt' (encoding: T1).
(microtype)             For optimal results, create family-specific settings.
(microtype)             See the microtype manual for details.
 [9]
<figuras/matriz_qfd.png, id=516, 1372.12625pt x 1258.7025pt>
File: figuras/matriz_qfd.png Graphic file (type png)
<use figuras/matriz_qfd.png>
Package pdftex.def Info: figuras/matriz_qfd.png  used on input line 35.
(pdftex.def)             Requested size: 486.25761pt x 446.06467pt.
 [10] (./tablas/tabla_pugh.tex) [11 <./figuras/matriz_qfd.png>]) (./secciones/05_diseno_conceptual.tex [12]
<figuras/GENERAL CIP.jpeg, id=534, 944.52875pt x 869.2475pt>
File: figuras/GENERAL CIP.jpeg Graphic file (type jpg)
<use figuras/GENERAL CIP.jpeg>
Package pdftex.def Info: figuras/GENERAL CIP.jpeg  used on input line 21.
(pdftex.def)             Requested size: 243.1288pt x 223.7442pt.
<figuras/diagrama_general.pdf, id=535, 597.19106pt x 421.575pt>
File: figuras/diagrama_general.pdf Graphic file (type pdf)
<use figuras/diagrama_general.pdf>
Package pdftex.def Info: figuras/diagrama_general.pdf  used on input line 24.
(pdftex.def)             Requested size: 427.90907pt x 302.07353pt.
 [13 <./figuras/GENERAL CIP.jpeg>]
File: figuras/diagrama_general.pdf Graphic file (type pdf)
<use figuras/diagrama_general.pdf>
Package pdftex.def Info: figuras/diagrama_general.pdf  used on input line 36.
(pdftex.def)             Requested size: 427.90907pt x 302.07353pt.
 [14 <./figuras/diagrama_general.pdf>]
<figuras/Cade_Pi.png, id=556, 1474.50874pt x 704.6325pt>
File: figuras/Cade_Pi.png Graphic file (type png)
<use figuras/Cade_Pi.png>
Package pdftex.def Info: figuras/Cade_Pi.png  used on input line 42.
(pdftex.def)             Requested size: 291.75752pt x 139.41875pt.
<figuras/etapa-01.png, id=557, 909.3975pt x 440.847pt>
File: figuras/etapa-01.png Graphic file (type png)
<use figuras/etapa-01.png>
Package pdftex.def Info: figuras/etapa-01.png  used on input line 48.
(pdftex.def)             Requested size: 228.54167pt x 110.78998pt.
<figuras/etapa-02.png, id=559, 858.20625pt x 422.17725pt>
File: figuras/etapa-02.png Graphic file (type png)
<use figuras/etapa-02.png>
Package pdftex.def Info: figuras/etapa-02.png  used on input line 53.
(pdftex.def)             Requested size: 228.54167pt x 112.424pt.
 [15 <./figuras/Cade_Pi.png (PNG copy)>]
<figuras/etapa-03.png, id=565, 881.09175pt x 425.79076pt>
File: figuras/etapa-03.png Graphic file (type png)
<use figuras/etapa-03.png>
Package pdftex.def Info: figuras/etapa-03.png  used on input line 62.
(pdftex.def)             Requested size: 228.54167pt x 110.4431pt.
<figuras/etapa-04.png, id=566, 850.377pt x 448.67625pt>
File: figuras/etapa-04.png Graphic file (type png)
<use figuras/etapa-04.png>
Package pdftex.def Info: figuras/etapa-04.png  used on input line 67.
(pdftex.def)             Requested size: 228.54167pt x 120.58281pt.
<figuras/etapa-05.png, id=567, 850.377pt x 414.348pt>
File: figuras/etapa-05.png Graphic file (type png)
<use figuras/etapa-05.png>
Package pdftex.def Info: figuras/etapa-05.png  used on input line 76.
(pdftex.def)             Requested size: 228.54167pt x 111.35701pt.
<figuras/etapa-06.png, id=568, 875.06924pt x 427.5975pt>
File: figuras/etapa-06.png Graphic file (type png)
<use figuras/etapa-06.png>
Package pdftex.def Info: figuras/etapa-06.png  used on input line 81.
(pdftex.def)             Requested size: 228.54167pt x 111.67511pt.
<figuras/etapa-07.png, id=569, 892.5345pt x 432.4155pt>
File: figuras/etapa-07.png Graphic file (type png)
<use figuras/etapa-07.png>
Package pdftex.def Info: figuras/etapa-07.png  used on input line 89.
(pdftex.def)             Requested size: 228.54167pt x 110.72305pt.
<figuras/etapa-08.png, id=570, 841.34325pt x 449.2785pt>
File: figuras/etapa-08.png Graphic file (type png)
<use figuras/etapa-08.png>
Package pdftex.def Info: figuras/etapa-08.png  used on input line 94.
(pdftex.def)             Requested size: 228.54167pt x 122.04034pt.
 [16 <./figuras/etapa-01.png> <./figuras/etapa-02.png> <./figuras/etapa-03.png> <./figuras/etapa-04.png>]
<figuras/etapa-09.png, id=580, 870.25125pt x 443.85825pt>
File: figuras/etapa-09.png Graphic file (type png)
<use figuras/etapa-09.png>
Package pdftex.def Info: figuras/etapa-09.png  used on input line 102.
(pdftex.def)             Requested size: 228.54167pt x 116.56532pt.
 [17 <./figuras/etapa-05.png> <./figuras/etapa-06.png> <./figuras/etapa-07.png> <./figuras/etapa-08.png>]
<figuras/pid_conceptual (2).pdf, id=590, 597.19106pt x 421.575pt>
File: figuras/pid_conceptual (2).pdf Graphic file (type pdf)
<use figuras/pid_conceptual (2).pdf>
Package pdftex.def Info: figuras/pid_conceptual (2).pdf  used on input line 107.
(pdftex.def)             Requested size: 427.90907pt x 302.07353pt.
 (./tablas/tabla_pid.tex)
<figuras/recorrido_fluidos.pdf, id=591, 597.19106pt x 421.575pt>
File: figuras/recorrido_fluidos.pdf Graphic file (type pdf)
<use figuras/recorrido_fluidos.pdf>
Package pdftex.def Info: figuras/recorrido_fluidos.pdf  used on input line 109.
(pdftex.def)             Requested size: 427.90907pt x 302.07353pt.
 [18 <./figuras/etapa-09.png> <./figuras/pid_conceptual (2).pdf>] [19]) (./secciones/06_control_preliminar.tex [20 <./figuras/recorrido_fluidos.pdf>] [21] (./tablas/tabla_variables_control.tex
Overfull \hbox (1.61772pt too wide) in paragraph at lines 23--23
[]|\T1/lmr/bx/n/9 (-20) Unidad/rango|  
 []


Overfull \hbox (1.61772pt too wide) in paragraph at lines 23--23
[]|\T1/lmr/bx/n/9 (-20) Unidad/rango|  
 []

)
<figuras/diagrama_bloques_control.pdf, id=657, 951.22675pt x 211.81433pt>
File: figuras/diagrama_bloques_control.pdf Graphic file (type pdf)
<use figuras/diagrama_bloques_control.pdf>
Package pdftex.def Info: figuras/diagrama_bloques_control.pdf  used on input line 39.
(pdftex.def)             Requested size: 427.90907pt x 95.28323pt.
 [22] [23 <./figuras/diagrama_bloques_control.pdf>]
<figuras/respuesta_lazo_abierto.pdf, id=714, 715.7798pt x 354.10231pt>
File: figuras/respuesta_lazo_abierto.pdf Graphic file (type pdf)
<use figuras/respuesta_lazo_abierto.pdf>
Package pdftex.def Info: figuras/respuesta_lazo_abierto.pdf  used on input line 81.
(pdftex.def)             Requested size: 427.90907pt x 211.69576pt.
 [24 <./figuras/respuesta_lazo_abierto.pdf>] (./tablas/tabla_especificaciones_control.tex)) (./secciones/07_comunicaciones.tex
<figuras/Topologia_y_flujo_de_informacion.png, id=774, 813.0375pt x 1656.1875pt>
File: figuras/Topologia_y_flujo_de_informacion.png Graphic file (type png)
<use figuras/Topologia_y_flujo_de_informacion.png>
Package pdftex.def Info: figuras/Topologia_y_flujo_de_informacion.png  used on input line 9.
(pdftex.def)             Requested size: 97.25003pt x 198.10214pt.
 [25] (./tablas/tabla_nodos_ip.tex) [26 <./figuras/Topologia_y_flujo_de_informacion.png (PNG copy)>] (./tablas/tabla_protocolos.tex) (./tablas/tabla_tags.tex
Overfull \hbox (2.16583pt too wide) in paragraph at lines 5--6
[]|\T1/lmr/bx/n/10 (-20) Acceso|  
 []


Overfull \hbox (2.16583pt too wide) in paragraph at lines 9--10
[]|\T1/lmr/bx/n/10 (-20) Acceso|  
 []


Overfull \hbox (1.53198pt too wide) in paragraph at lines 13--14
[]|\T1/lmr/m/n/10 (-20) Lectura|  
 []


Overfull \hbox (1.53198pt too wide) in paragraph at lines 14--15
[]|\T1/lmr/m/n/10 (-20) Lectura|  
 []


Overfull \hbox (1.53198pt too wide) in paragraph at lines 15--16
[]|\T1/lmr/m/n/10 (-20) Lectura|  
 []


Overfull \hbox (11.55365pt too wide) in paragraph at lines 16--16
[]|\T1/lmr/m/n/10 (-20) SSR/Actuador|  
 []


Overfull \hbox (1.53198pt too wide) in paragraph at lines 16--17
[]|\T1/lmr/m/n/10 (-20) Lectura|  
 []


Overfull \hbox (4.34549pt too wide) in paragraph at lines 21--21
[]|\T1/lmr/m/n/10 (-20) Secuenciador|  
 []


Overfull \hbox (1.53198pt too wide) in paragraph at lines 23--24
[]|\T1/lmr/m/n/10 (-20) Lectura|  
 []


Overfull \hbox (1.53198pt too wide) in paragraph at lines 24--25
[]|\T1/lmr/m/n/10 (-20) Lectura|  
 []


Overfull \hbox (1.53198pt too wide) in paragraph at lines 25--26
[]|\T1/lmr/m/n/10 (-20) Lectura|  
 []


Overfull \hbox (1.53198pt too wide) in paragraph at lines 26--27
[]|\T1/lmr/m/n/10 (-20) Lectura|  
 []


Overfull \hbox (1.53198pt too wide) in paragraph at lines 27--28
[]|\T1/lmr/m/n/10 (-20) Lectura|  
 []


Overfull \hbox (1.53198pt too wide) in paragraph at lines 28--29
[]|\T1/lmr/m/n/10 (-20) Lectura|  
 []


Overfull \hbox (10.87274pt too wide) in paragraph at lines 29--29
[]|\T1/lmr/m/n/10 (-20) DWORD|  
 []


Overfull \hbox (1.53198pt too wide) in paragraph at lines 29--30
[]|\T1/lmr/m/n/10 (-20) Lectura|  
 []


Overfull \hbox (4.34549pt too wide) in paragraph at lines 30--30
[]|\T1/lmr/m/n/10 (-20) Secuenciador|  
 []


Overfull \hbox (1.53198pt too wide) in paragraph at lines 30--31
[]|\T1/lmr/m/n/10 (-20) Lectura|  
 []

[27]
ignored: Infinite glue shrinkage found in box being split [28]) (./tablas/tabla_prueba_comunicacion.tex)
<figuras/HMIACCIONADO.JPG, id=809, 971.3088pt x 728.4816pt>
File: figuras/HMIACCIONADO.JPG Graphic file (type jpg)
<use figuras/HMIACCIONADO.JPG>
Package pdftex.def Info: figuras/HMIACCIONADO.JPG  used on input line 34.
(pdftex.def)             Requested size: 194.50008pt x 145.87158pt.
<figuras/RESETEARESTADO.JPG, id=810, 971.3088pt x 728.4816pt>
File: figuras/RESETEARESTADO.JPG Graphic file (type jpg)
<use figuras/RESETEARESTADO.JPG>
Package pdftex.def Info: figuras/RESETEARESTADO.JPG  used on input line 43.
(pdftex.def)             Requested size: 340.37885pt x 255.28362pt.
 [29 <./figuras/HMIACCIONADO.JPG>]
<figuras/SIM_TANQUE_LLENO.JPG, id=817, 971.3088pt x 728.4816pt>
File: figuras/SIM_TANQUE_LLENO.JPG Graphic file (type jpg)
<use figuras/SIM_TANQUE_LLENO.JPG>
Package pdftex.def Info: figuras/SIM_TANQUE_LLENO.JPG  used on input line 52.
(pdftex.def)             Requested size: 340.37885pt x 255.28362pt.
) (./secciones/08_plan_validacion.tex [30 <./figuras/RESETEARESTADO.JPG> <./figuras/SIM_TANQUE_LLENO.JPG>] (./tablas/tabla_matriz_validacion.tex
Overfull \hbox (11.1401pt too wide) in paragraph at lines 5--5
[]|\T1/lmr/bx/n/10.95 (-20) Requisito| 
 []


Overfull \hbox (23.9146pt too wide) in alignment at lines 1--7
 [] [] [] [] [] [] 
 []


Overfull \hbox (11.1401pt too wide) in paragraph at lines 11--11
[]|\T1/lmr/bx/n/10.95 (-20) Requisito| 
 []


Overfull \hbox (23.9146pt too wide) in alignment at lines 7--13
 [] [] [] [] [] [] 
 []


Overfull \hbox (23.9146pt too wide) in alignment at lines 13--17
 [] [] [] [] [] [] 
 []


Overfull \hbox (23.9146pt too wide) in alignment at lines 17--20
 [] [] [] [] [] [] 
 []


Underfull \hbox (badness 5105) in paragraph at lines 24--24
[]|\T1/lmr/m/n/10.95 (+20) Secuencia co-rrec-ta
 []


Underfull \hbox (badness 1137) in paragraph at lines 24--24
\T1/lmr/m/n/10.95 (+20) sin tras-la-pes en 3
 []


Underfull \hbox (badness 1874) in paragraph at lines 26--26
[]|\T1/lmr/m/n/10.95 (+20) Consignar SP = 50\TS1/lmr/m/n/10.95 (+20) °\T1/lmr/m/n/10.95 (+20) C
 []


Underfull \hbox (badness 10000) in paragraph at lines 26--26
\T1/lmr/m/n/10.95 (+20) 0 SM1231),
 []


Underfull \hbox (badness 10000) in paragraph at lines 26--26
\T1/lmr/m/n/10.95 (+20) ter-mó-me-tro
 []


LaTeX Warning: Command \textdegree invalid in math mode on input line 26.


LaTeX Warning: Command \textdegree invalid in math mode on input line 26.


Underfull \hbox (badness 10000) in paragraph at lines 26--27
[]|\T1/lmr/m/n/10.95 (+20) Gráfica $\OML/lmm/m/it/10.95 T\OT1/lmr/m/n/10.95 (+20) (\OML/lmm/m/it/10.95 t\OT1/lmr/m/n/10.95 (+20) )$
 []


Underfull \hbox (badness 10000) in paragraph at lines 28--28
[]|\T1/lmr/m/n/10.95 (+20) Registro de
 []


Underfull \hbox (badness 10000) in paragraph at lines 28--28
\T1/lmr/m/n/10.95 (+20) even-tos del
 []


Underfull \hbox (badness 10000) in paragraph at lines 28--29
[]|\T1/lmr/m/n/10.95 (+20) Registro de
 []


Underfull \hbox (badness 10000) in paragraph at lines 28--29
\T1/lmr/m/n/10.95 (+20) even-to y
 []


Underfull \hbox (badness 10000) in paragraph at lines 28--29
\T1/lmr/m/n/10.95 (+20) cap-tu-ra de
 []


Underfull \hbox (badness 10000) in paragraph at lines 30--30
[]|\T1/lmr/m/n/10.95 (+20) Dosificar, me-dian-te la
 []


Underfull \hbox (badness 10000) in paragraph at lines 32--32
[]|\T1/lmr/m/n/10.95 (+20) Inspección
 []


Underfull \hbox (badness 10000) in paragraph at lines 34--35
[]|\T1/lmr/m/n/10.95 (+20) Registro de
 []


Underfull \hbox (badness 10000) in paragraph at lines 34--35
\T1/lmr/m/n/10.95 (+20) vo-lú-me-nes y
 []


Underfull \hbox (badness 1509) in paragraph at lines 38--38
[]|\T1/lmr/m/n/10.95 (+20) Simular las 3 con-di-cio-
 []


Underfull \hbox (badness 10000) in paragraph at lines 38--38
[]|\T1/lmr/m/n/10.95 (+20) Inspección
 []


Underfull \hbox (badness 2173) in paragraph at lines 38--38
[]|\T1/lmr/m/n/10.95 (+20) Aviso ac-ti-va-do co-
 []


Underfull \hbox (badness 10000) in paragraph at lines 40--40
[]|\T1/lmr/m/n/10.95 (+20) REQ15,
 []


Underfull \hbox (badness 7415) in paragraph at lines 40--40
[]|\T1/lmr/m/n/10.95 (+20) Verificar, du-ran-te una
 []


Underfull \hbox (badness 1990) in paragraph at lines 42--42
\T1/lmr/m/n/10.95 (+20) ins-ta-la-do en el tan-que
 []


Underfull \hbox (badness 1097) in paragraph at lines 42--42
[]|\T1/lmr/m/n/10.95 (+20) LIT-101, re-gla
 []


Underfull \hbox (badness 10000) in paragraph at lines 44--44
[]|\T1/lmr/m/n/10.95 (+20) REQ01
 []


Underfull \hbox (badness 10000) in paragraph at lines 44--44
\T1/lmr/m/n/10.95 (+20) (PMV,
 []


Underfull \hbox (badness 10000) in paragraph at lines 44--44
\T1/lmr/m/n/10.95 (+20) Sec-
 []


Underfull \hbox (badness 10000) in paragraph at lines 44--44
[]|\T1/lmr/m/n/10.95 (+20) Inspección
 []


Underfull \hbox (badness 6125) in paragraph at lines 44--44
\T1/lmr/m/n/10.95 (+20) vi-sual di-rec-ta,
 []


Overfull \hbox (23.9146pt too wide) in alignment at lines 20--46
 [] [] [] [] [] [] 
 []


ignored: Infinite glue shrinkage found in box being split [31]
ignored: Infinite glue shrinkage found in box being split [32]) (./tablas/tabla_metricas_validacion.tex
Overfull \hbox (0.89442pt too wide) in paragraph at lines 33--33
[]|\T1/lmr/m/n/10.95 (-20) Comunicaciones| 
 []


Overfull \hbox (2.41487pt too wide) in paragraph at lines 36--36
[]|\T1/lmr/m/n/10.95 (-20) Instrumentación| 
 []


ignored: Infinite glue shrinkage found in box being split [33])) (./secciones/09_gestion_entregables.tex (./tablas/tabla_cronograma_corte1.tex) [34] (./tablas/tabla_cronograma_corte2.tex) (./tablas/tabla_cronograma_corte3.tex [35]) (./tablas/tabla_presupuesto.tex
Overfull \hbox (28.22174pt too wide) in alignment at lines 4--10
 [] [] [] [] [] 
 []


Overfull \hbox (28.22174pt too wide) in alignment at lines 10--16
 [] [] [] [] [] 
 []


Overfull \hbox (28.22174pt too wide) in alignment at lines 16--20
 [] [] [] [] [] 
 []


Overfull \hbox (28.22174pt too wide) in alignment at lines 20--23
 [] [] [] [] [] 
 []


Underfull \hbox (badness 6252) in paragraph at lines 28--28
\T1/lmr/m/n/10.95 (+20) Pe-dro-llo CPm 620 o Ber-cat-ti
 []


Underfull \hbox (badness 1163) in paragraph at lines 31--31
[]|\T1/lmr/m/n/10.95 (+20) Tubería/manguera CPVC
 []


Underfull \hbox (badness 1092) in paragraph at lines 37--37
[]|\T1/lmr/m/n/10.95 (+20) Estructura por-tá-til, se-gún MEC-
 []


Underfull \hbox (badness 7722) in paragraph at lines 38--38
[]|\T1/lmr/m/n/10.95 (+20) Ruedas in-dus-tria-les con
 []


Underfull \hbox (badness 10000) in paragraph at lines 39--39
[]|\T1/lmr/m/n/10.95 (+20) Soldadura --- elec-tro-
 []


Underfull \hbox (badness 1189) in paragraph at lines 49--49
[]|\T1/lmr/m/n/10.95 (+20) Disyuntor Chint NXB-63
 []


Underfull \hbox (badness 1067) in paragraph at lines 54--54
[]|\T1/lmr/m/n/10.95 (+20) LEDs pi-lo-to 24V, 22mm
 []


Underfull \hbox (badness 10000) in paragraph at lines 60--60
[]|\T1/lmr/m/n/10.95 (+20) Módulo de en-tra-da
 []


Underfull \hbox (badness 10000) in paragraph at lines 60--60
\T1/lmr/m/n/10.95 (+20) RTD/analógica pa-ra el
 []


Underfull \hbox (badness 2653) in paragraph at lines 61--61
[]|\T1/lmr/m/n/10.95 (+20) Resistencia de in-mer-sión
 []


Underfull \hbox (badness 10000) in paragraph at lines 70--70
[]|\T1/lmr/m/n/10.95 (+20) ESP32 Dev-Kit (Wi-
 []


Underfull \hbox (badness 1939) in paragraph at lines 71--71
[]|\T1/lmr/m/n/10.95 (+20) Módulo Ether-net W5500
 []


Underfull \hbox (badness 1292) in paragraph at lines 71--71
[]|\T1/lmr/m/n/10.95 (+20) Conectividad ca-blea-da más es-ta-
 []


Underfull \hbox (badness 4899) in paragraph at lines 71--71
\T1/lmr/m/n/10.95 (+20) ble que Wi-Fi cer-ca de mo-to-
 []


Overfull \hbox (28.22174pt too wide) in alignment at lines 23--75
 [] [] [] [] [] 
 []


ignored: Infinite glue shrinkage found in box being split [36]
ignored: Infinite glue shrinkage found in box being split [37]) (./tablas/tabla_riesgos.tex) (./tablas/tabla_checklist.tex)) (./secciones/10_conclusiones.tex [38] [39]) (./secciones/11_declaraciones_anexos.tex [40] (./tablas/tabla_uso_ia.tex) [41]) (./main.bbl) [42] 
enddocument/afterlastpage (AED): lastpage setting LastPage.
(./main.aux)
 ***********
LaTeX2e <2025-11-01>
L3 programming layer <2026-01-19>
 ***********
Package rerunfilecheck Info: File `main.out' has not changed.
(rerunfilecheck)             Checksum: B6E2FECBF9A9E21B10D10B34EF182F18;10563.
 ) 
Here is how much of TeX's memory you used:
 35495 strings out of 467525
 712383 string characters out of 5418982
 1204293 words of memory out of 5000000
 63189 multiletter control sequences out of 15000+600000
 735336 words of font info for 266 fonts, out of 8000000 for 9000
 1141 hyphenation exceptions out of 8191
 91i,13n,99p,1906b,830s stack positions out of 10000i,1000n,20000p,200000b,200000s
</usr/local/texlive/2026/texmf-dist/fonts/type1/public/amsfonts/cm/cmmi10.pfb></usr/local/texlive/2026/texmf-dist/fonts/type1/public/amsfonts/cm/cmmi7.pfb></usr/local/texlive/2026/texmf-dist/fonts/type1/public/amsfonts/cm/cmr10.pfb></usr/local/texlive/2026/texmf-dist/fonts/type1/public/amsfonts/cm/cmr7.pfb></usr/local/texlive/2026/texmf-dist/fonts/type1/public/amsfonts/cm/cmsy10.pfb></usr/local/texlive/2026/texmf-dist/fonts/type1/public/amsfonts/cm/cmsy7.pfb></usr/local/texlive/2026/texmf-dist/fonts/type1/public/lm/lmbx10.pfb></usr/local/texlive/2026/texmf-dist/fonts/type1/public/lm/lmbx12.pfb></usr/local/texlive/2026/texmf-dist/fonts/type1/public/lm/lmbx8.pfb></usr/local/texlive/2026/texmf-dist/fonts/type1/public/lm/lmbx9.pfb></usr/local/texlive/2026/texmf-dist/fonts/type1/public/lm/lmmi10.pfb></usr/local/texlive/2026/texmf-dist/fonts/type1/public/lm/lmmi6.pfb></usr/local/texlive/2026/texmf-dist/fonts/type1/public/lm/lmmi7.pfb></usr/local/texlive/2026/texmf-dist/fonts/type1/public/lm/lmmi8.pfb></usr/local/texlive/2026/texmf-dist/fonts/type1/public/lm/lmmi9.pfb></usr/local/texlive/2026/texmf-dist/fonts/type1/public/lm/lmr10.pfb></usr/local/texlive/2026/texmf-dist/fonts/type1/public/lm/lmr12.pfb></usr/local/texlive/2026/texmf-dist/fonts/type1/public/lm/lmr8.pfb></usr/local/texlive/2026/texmf-dist/fonts/type1/public/lm/lmr9.pfb></usr/local/texlive/2026/texmf-dist/fonts/type1/public/lm/lmri10.pfb></usr/local/texlive/2026/texmf-dist/fonts/type1/public/lm/lmri8.pfb></usr/local/texlive/2026/texmf-dist/fonts/type1/public/lm/lmri9.pfb></usr/local/texlive/2026/texmf-dist/fonts/type1/public/lm/lmsy10.pfb></usr/local/texlive/2026/texmf-dist/fonts/type1/public/lm/lmsy6.pfb></usr/local/texlive/2026/texmf-dist/fonts/type1/public/lm/lmsy7.pfb></usr/local/texlive/2026/texmf-dist/fonts/type1/public/lm/lmsy8.pfb></usr/local/texlive/2026/texmf-dist/fonts/type1/public/lm/lmsy9.pfb></usr/local/texlive/2026/texmf-dist/fonts/type1/public/lm/lmtt10.pfb></usr/local/texlive/2026/texmf-dist/fonts/type1/public/amsfonts/symbols/msam10.pfb>
Output written on main.pdf (48 pages, 12490586 bytes).
PDF statistics:
 1060 PDF objects out of 1200 (max. 8388607)
 825 compressed objects within 9 object streams
 188 named destinations out of 1000 (max. 500000)
 61099 words of extra memory for PDF output out of 61914 (max. 10000000)

